[abdulmateen.net/index.html]
[backblue.gif]
[fade.gif]
[index.html]
[abdulmateen.net/wp-admin/admin-ajax.php]
[abdulmateen.net/wp-content/plugins/animated-typing-effect/assets/css/cursor6959.css]
[abdulmateen.net/wp-content/plugins/contact-form-7/includes/css/styles1c9b.css]
[abdulmateen.net/feed/index.html]
[abdulmateen.net/wp-content/themes/betheme/css/basef7b6.css]
[abdulmateen.net/comments/feed/index.html]
[abdulmateen.net/wp-content/themes/betheme/css/layoutf7b6.css]
[abdulmateen.net/wp-content/themes/betheme/css/shortcodesf7b6.css]
[abdulmateen.net/wp-content/themes/betheme/assets/animations/animations.minf7b6.css]
[abdulmateen.net/wp-content/themes/betheme/assets/ui/jquery.ui.allf7b6.css]
[abdulmateen.net/wp-content/themes/betheme/assets/prettyPhoto/prettyPhotof7b6.css]
[abdulmateen.net/wp-content/themes/betheme/assets/jplayer/css/jplayer.blue.mondayf7b6.css]
[abdulmateen.net/wp-content/themes/betheme/css/responsivef7b6.css]
[cdn.jsdelivr.net/fontawesome/4.7.0/css/font-awesome.min1849.css]
[abdulmateen.net/wp-content/plugins/ParticleJs-WP-Plugin-master/includes/particles6959.js]
[abdulmateen.net/wp-includes/js/jquery/jquery-migrate.min330a.js]
[abdulmateen.net/wp-includes/js/jquery/jqueryb8ff.js]
[abdulmateen.net/xmlrpc0db0.php]
[abdulmateen.net/wp-json/index.html]
[abdulmateen.net/wp-includes/wlwmanifest.xml]
[abdulmateen.net/wp-json/oembed/1.0/embeda3ae.json]
[abdulmateen.net/wp-json/oembed/1.0/embed63ac]
[static.zotabox.com/c/1/c12cf734beafd538efa8a0a5428596f4/widgets.js]
[abdulmateen.net/wp-content/uploads/2018/01/A-LOGO-.gif]
[abdulmateen.net/wp-content/uploads/2018/01/abdulmateen-logo-1.jpg]
[abdulmateen.net/images/stripes/stripes_3_b.png]
[abdulmateen.net/wp-content/plugins/onesignal-free-web-push-notifications/sdk_files/manifest.json73dd.json]
[cdn.onesignal.com/sdks/OneSignalSDK.js]
[abdulmateen.net/OneSignalSDKUpdaterWorker.js.php]
[abdulmateen.net/OneSignalSDKWorker.js.php]
[abdulmateen.net/wp-content/uploads/2018/01/cropped-am-mini-web-1-32x32.png]
[abdulmateen.net/wp-content/plugins/onesignal-free-web-push-notifications/sdk_files/index.html]
[abdulmateen.net/wp-content/uploads/2018/01/cropped-am-mini-web-1-192x192.png]
[abdulmateen.net/wp-content/uploads/2018/01/cropped-am-mini-web-1-180x180.png]
[pagead2.googlesyndication.com/pagead/js/f.txt]
[abdulmateen.net/wp-content/uploads/2018/01/logo.png]
[abdulmateen.net/wp-content/uploads/2018/01/abdulmateen-banner-net-1.jpg]
[abdulmateen.net/wp-content/uploads/2018/01/badminton.png]
[abdulmateen.net/wp-content/uploads/2018/01/photography.png]
[abdulmateen.net/wp-content/uploads/2018/01/travel.png]
[abdulmateen.net/wp-content/uploads/2018/01/exp1.png]
[abdulmateen.net/peerlogics.com]
[abdulmateen.net/wp-content/uploads/2018/01/exp2.png]
[abdulmateen.net/wp-content/uploads/2018/01/exp3.png]
[abdulmateen.net/theepresence.com]
[abdulmateen.net/wp-content/uploads/2018/01/exp4.png]
[abdulmateen.net/wp-content/uploads/2018/01/italian-restaurant-f-image.jpg]
[abdulmateen.net/portfolio-types/graphic-design/index.html]
[abdulmateen.net/portfolio-types/logo-design/index.html]
[abdulmateen.net/portfolio-types/web-design/index.html]
[abdulmateen.net/wp-content/uploads/2018/02/ambreenrashidkhan.jpg]
[abdulmateen.net/portfolio-types/web-development/index.html]
[abdulmateen.net/portfolio-item/italian-restaurant/index.html]
[abdulmateen.net/wp-content/uploads/2018/01/ALL-IN-ONE-SHOP.jpg]
[abdulmateen.net/portfolio-item/clinical-psychologist/index.html]
[abdulmateen.net/portfolio-item/all-in-one-shop/index.html]
[abdulmateen.net/wp-content/uploads/2018/03/companies-incorporated-website.jpg]
[abdulmateen.net/wp-content/uploads/2018/01/travel-brochure.jpg]
[abdulmateen.net/portfolio-item/companies-incorporated-website/index.html]
[abdulmateen.net/portfolio-item/travel-brochure/index.html]
[abdulmateen.net/wp-content/uploads/2018/01/abdulmateen-logo-dp.jpg]
[abdulmateen.net/wp-content/uploads/2018/02/Infininty-Mining-Pakistan.jpg]
[abdulmateen.net/portfolio-item/personal-identity/index.html]
[abdulmateen.net/portfolio-item/infininty-mining-pakistan/index.html]
[abdulmateen.net/wp-content/uploads/2018/01/banana-vs-carrot.jpg]
[abdulmateen.net/wp-content/uploads/2018/01/photography-web-2.jpg]
[abdulmateen.net/bitcoin/index.html]
[abdulmateen.net/portfolio-item/manipulation-banana-vs-carrot/index.html]
[abdulmateen.net/portfolio-item/phtotgraphy/index.html]
[abdulmateen.net/wp-content/uploads/2018/02/theEPresence-Flayer.jpg]
[abdulmateen.net/wp-content/uploads/2018/01/KK.jpg]
[abdulmateen.net/portfolio-item/theepresence-flayer/index.html]
[abdulmateen.net/portfolio-item/kutab-khanah/index.html]
[abdulmateen.net/wp-content/uploads/2018/01/Black-Bull-RC-logo.jpg]
[abdulmateen.net/wp-content/uploads/2018/01/web-blossom-artist-featured-image.jpg]
[abdulmateen.net/portfolio-item/black-bull-rc/index.html]
[abdulmateen.net/portfolio-item/blossom-artist/index.html]
[abdulmateen.net/wp-content/uploads/2018/01/Columbia-Hospice-Care.jpg]
[abdulmateen.net/wp-content/uploads/2018/01/logo-folio-2016-2017.jpg]
[abdulmateen.net/portfolio-item/columbia-hospice-care/index.html]
[abdulmateen.net/wp-content/uploads/2018/01/ep.jpg]
[abdulmateen.net/portfolio-item/logo-folio-2016-2017-abdul-mateen/index.html]
[abdulmateen.net/wp-content/uploads/2018/01/web-qazi-image.jpg]
[abdulmateen.net/portfolio-item/theepresence/index.html]
[abdulmateen.net/wp-content/uploads/2018/01/web-Renewable-Resources-image.jpg]
[abdulmateen.net/portfolio-item/qazi-driving-school/index.html]
[abdulmateen.net/portfolio-item/renewable-resources/index.html]
[abdulmateen.net/wp-content/uploads/2018/01/HookStrawberry.jpg]
[abdulmateen.net/renewableresources/index.html]
[abdulmateen.net/wp-content/uploads/2018/01/pink-ribon-brochure-f.jpg]
[abdulmateen.net/portfolio-item/hook-strawberry/index.html]
[abdulmateen.net/wp-content/uploads/2018/01/peerlogics-brochure-featured.jpg]
[abdulmateen.net/portfolio-item/pink-ribon/index.html]
[abdulmateen.net/portfolio-item/peerlogics/index.html]
[abdulmateen.net/wp-content/uploads/2018/01/Opioidology1.jpg]
[abdulmateen.net/wp-content/uploads/2018/01/bus1.jpg]
[abdulmateen.net/portfolio-item/opioidology/index.html]
[abdulmateen.net/portfolio-item/bus-illustration/index.html]
[abdulmateen.net/wp-content/uploads/2018/01/Technical-Khan-Ji1.jpg]
[abdulmateen.net/wp-content/uploads/2018/01/Bikini-logo.jpg]
[abdulmateen.net/portfolio-item/technical-khan-ji/index.html]
[abdulmateen.net/wp-content/uploads/2018/01/14-august-pakistan-featured.jpg]
[abdulmateen.net/portfolio-item/bikini/index.html]
[abdulmateen.net/wp-content/uploads/2018/01/Islamabad-Isychological-Center-Logo.jpg]
[abdulmateen.net/portfolio-item/14-august-pakistan/index.html]
[abdulmateen.net/wp-content/uploads/2018/01/LoremIpsum-Unused-Logo.jpg]
[abdulmateen.net/portfolio-item/islamabad-psychological-center/index.html]
[abdulmateen.net/wp-content/uploads/2018/01/Code-Roid-Logo.jpg]
[abdulmateen.net/portfolio-item/lorem-ipsum/index.html]
[abdulmateen.net/portfolio-item/code-roid/index.html]
[abdulmateen.net/wp-content/uploads/2018/01/Lorem-Ipsum.jpg]
[abdulmateen.net/wp-content/uploads/2018/01/NWIH-LOGO.jpg]
[abdulmateen.net/portfolio-item/lorem-ipsum-2/index.html]
[abdulmateen.net/portfolio-item/nwih-logo/index.html]
[abdulmateen.net/wp-content/uploads/2018/01/nwih-org.jpg]
[abdulmateen.net/wp-content/uploads/2018/01/Booking-Diary-App-Logo.jpg]
[abdulmateen.net/portfolio-item/nwih/index.html]
[abdulmateen.net/wp-content/uploads/2018/01/rent-your-house-logo.jpg]
[abdulmateen.net/portfolio-item/booking-diary/index.html]
[abdulmateen.net/wp-content/uploads/2018/01/Calculator-With-JavaScript.jpg]
[abdulmateen.net/portfolio-item/rent-hour-house/index.html]
[abdulmateen.net/wp-content/uploads/2018/01/male-client-1-85x85.png]
[abdulmateen.net/portfolio-item/calculator/index.html]
[abdulmateen.net/projects/calculator/index.html]
[abdulmateen.net/wp-content/uploads/2018/01/mohsin-85x85.jpg]
[abdulmateen.net/wp-content/uploads/2018/01/female-client-85x85.png]
[abdulmateen.net/wp-content/uploads/2018/01/harry-85x85.jpg]
[abdulmateen.net/wp-content/uploads/2018/01/zaibi-85x85.jpg]
[abdulmateen.net/wp-content/uploads/2018/01/nouman-85x85.jpg]
[abdulmateen.net/wp-content/uploads/2018/01/usman-85x85.jpg]
[abdulmateen.net/wp-content/uploads/2018/01/yousaf-85x85.jpg]
[abdulmateen.net/www.globaloid.com]
[apis.google.com/js/platform.js]
[abdulmateen.net/wp-content/plugins/animated-typing-effect/assets/js/typed68b3.js]
[abdulmateen.net/wp-content/plugins/animated-typing-effect/assets/js/typed.fe68b3.js]
[abdulmateen.net/wp-content/plugins/contact-form-7/includes/js/jquery.form.mind03d.js]
[abdulmateen.net/wp-content/plugins/contact-form-7/includes/js/scripts1c9b.js]
[abdulmateen.net/wp-includes/js/jquery/ui/core.mine899.js]
[abdulmateen.net/wp-includes/js/jquery/ui/widget.mine899.js]
[abdulmateen.net/wp-includes/js/jquery/ui/mouse.mine899.js]
[abdulmateen.net/wp-includes/js/jquery/ui/sortable.mine899.js]
[abdulmateen.net/wp-includes/js/jquery/ui/tabs.mine899.js]
[abdulmateen.net/wp-includes/js/jquery/ui/accordion.mine899.js]
[abdulmateen.net/wp-content/themes/betheme/js/pluginsf7b6.js]
[abdulmateen.net/wp-content/themes/betheme/assets/animations/animations.minf7b6.js]
[abdulmateen.net/wp-content/themes/betheme/assets/jplayer/jplayer.minf7b6.js]
[abdulmateen.net/wp-content/themes/betheme/js/parallax/translate3df7b6.js]
[abdulmateen.net/wp-content/themes/betheme/js/scriptsf7b6.js]
[abdulmateen.net/wp-includes/js/comment-reply.min6959.js]
[abdulmateen.net/wp-includes/js/wp-embed.min6959.js]
[abdulmateen.net/index.html]
[abdulmateen.net/wp-admin/admin-ajax.html]
[abdulmateen.net/wp-content/plugins/animated-typing-effect/assets/css/cursor6959.css]
[abdulmateen.net/wp-content/plugins/contact-form-7/images/ajax-loader.gif]
[abdulmateen.net/wp-content/plugins/contact-form-7/includes/css/styles1c9b.css]
[abdulmateen.net/wp-content/themes/betheme/stylef7b6.css]
[abdulmateen.net/wp-content/themes/betheme/images/box_shadow_button.png]
[abdulmateen.net/wp-content/themes/betheme/fonts/mfn-icons6392.eot]
[abdulmateen.net/wp-content/themes/betheme/fonts/mfn-icons6392.woff]
[abdulmateen.net/wp-content/themes/betheme/fonts/mfn-icons6392.ttf]
[abdulmateen.net/wp-content/themes/betheme/images/contact_form_error.png]
[abdulmateen.net/wp-content/themes/betheme/fonts/mfn-icons6392.svg]
[abdulmateen.net/wp-content/themes/betheme/images/bg_panel.png]
[abdulmateen.net/wp-content/themes/betheme/images/stripes/stripes_5_b.png]
[abdulmateen.net/wp-content/themes/betheme/css/basef7b6.css]
[abdulmateen.net/wp-content/themes/betheme/images/stripes/stripes_3_b.png]
[abdulmateen.net/wp-content/themes/betheme/images/tp-leftarrow.png]
[abdulmateen.net/wp-content/themes/betheme/images/tp-rightarrow.png]
[abdulmateen.net/wp-content/themes/betheme/images/box_shadow.png]
[abdulmateen.net/wp-content/themes/betheme/images/preloader.gif]
[abdulmateen.net/wp-content/themes/betheme/images/blockquote.png]
[abdulmateen.net/wp-content/themes/betheme/images/link.png]
[abdulmateen.net/wp-content/themes/betheme/images/top_bar_right_shadow.png]
[abdulmateen.net/wp-content/themes/betheme/images/blog_masonry_tile_gradient.png]
[abdulmateen.net/wp-content/themes/betheme/images/timeline_right.png]
[abdulmateen.net/wp-content/themes/betheme/images/photo.png]
[abdulmateen.net/wp-content/themes/betheme/images/recent_comments.png]
[abdulmateen.net/wp-content/themes/betheme/images/stripes/stripes_10_w.png]
[abdulmateen.net/wp-content/themes/betheme/images/videomask.png]
[abdulmateen.net/wp-content/themes/betheme/images/fancy_heading_hr_dark.png]
[abdulmateen.net/wp-content/themes/betheme/css/layoutf7b6.css]
[abdulmateen.net/wp-content/themes/betheme/images/stripes/textline.png]
[abdulmateen.net/wp-content/themes/betheme/images/icons/list_check.png]
[abdulmateen.net/wp-content/themes/betheme/images/icons/list_star.png]
[abdulmateen.net/wp-content/themes/betheme/images/icons/list_idea.png]
[abdulmateen.net/wp-content/themes/betheme/images/stripes/stripes_10_b.png]
[abdulmateen.net/wp-content/themes/betheme/images/progressbar.png]
[abdulmateen.net/wp-content/themes/betheme/images/timeline_top.png]
[abdulmateen.net/wp-content/themes/betheme/images/timeline_left.png]
[abdulmateen.net/wp-content/themes/betheme/images/fancy_heading_hr.png]
[abdulmateen.net/wp-content/themes/betheme/css/shortcodesf7b6.css]
[abdulmateen.net/wp-content/themes/betheme/assets/animations/animations.minf7b6.css]
[abdulmateen.net/wp-content/themes/betheme/assets/ui/images/ui-icons_222222_256x240.png]
[abdulmateen.net/wp-content/themes/betheme/assets/ui/images/ui-bg_flat_0_aaaaaa_40x100.png]
[abdulmateen.net/wp-content/themes/betheme/assets/ui/images/bg_widget_header.png]
[abdulmateen.net/wp-content/themes/betheme/assets/ui/images/bg_widget_header_active.png]
[abdulmateen.net/wp-content/themes/betheme/assets/ui/images/ui-bg_flat_75_ffffff_40x100.png]
[abdulmateen.net/wp-content/themes/betheme/assets/ui/images/ui-bg_glass_55_fbf9ee_1x400.png]
[abdulmateen.net/wp-content/themes/betheme/assets/ui/images/ui-bg_glass_95_fef1ec_1x400.png]
[abdulmateen.net/wp-content/themes/betheme/assets/ui/images/ui-icons_888888_256x240.png]
[abdulmateen.net/wp-content/themes/betheme/assets/ui/images/ui-icons_2e83ff_256x240.png]
[abdulmateen.net/wp-content/themes/betheme/assets/ui/images/ui-icons_cd0a0a_256x240.png]
[abdulmateen.net/wp-content/themes/betheme/assets/ui/images/ui-icons_454545_256x240.png]
[abdulmateen.net/wp-content/themes/betheme/assets/ui/jquery.ui.allf7b6.css]
[abdulmateen.net/wp-content/themes/betheme/assets/prettyPhoto/images/default/sprite.png]
[abdulmateen.net/wp-content/themes/betheme/assets/prettyPhoto/images/default/sprite_x.png]
[abdulmateen.net/wp-content/themes/betheme/assets/prettyPhoto/images/default/sprite_y.png]
[abdulmateen.net/wp-content/themes/betheme/assets/prettyPhoto/images/default/sprite_next.png]
[abdulmateen.net/wp-content/themes/betheme/assets/prettyPhoto/images/default/sprite_prev.png]
[abdulmateen.net/wp-content/themes/betheme/assets/prettyPhoto/images/default/default_thumb.png]
[abdulmateen.net/wp-content/themes/betheme/assets/prettyPhoto/images/default/loader.gif]
[abdulmateen.net/wp-content/themes/betheme/assets/prettyPhoto/images/light_rounded/sprite.png]
[abdulmateen.net/wp-content/themes/betheme/assets/prettyPhoto/images/light_rounded/btnNext.png]
[abdulmateen.net/wp-content/themes/betheme/assets/prettyPhoto/images/light_rounded/btnPrevious.png]
[abdulmateen.net/wp-content/themes/betheme/assets/prettyPhoto/images/dark_rounded/sprite.png]
[abdulmateen.net/wp-content/themes/betheme/assets/prettyPhoto/images/dark_rounded/contentPattern.png]
[abdulmateen.net/wp-content/themes/betheme/assets/prettyPhoto/images/dark_rounded/btnNext.png]
[abdulmateen.net/wp-content/themes/betheme/assets/prettyPhoto/images/dark_rounded/btnPrevious.png]
[abdulmateen.net/wp-content/themes/betheme/assets/prettyPhoto/images/dark_rounded/loader.gif]
[abdulmateen.net/wp-content/themes/betheme/assets/prettyPhoto/images/dark_square/loader.gif]
[abdulmateen.net/wp-content/themes/betheme/assets/prettyPhoto/images/dark_square/sprite.png]
[abdulmateen.net/wp-content/themes/betheme/assets/prettyPhoto/images/dark_square/btnNext.png]
[abdulmateen.net/wp-content/themes/betheme/assets/prettyPhoto/images/dark_square/btnPrevious.png]
[abdulmateen.net/wp-content/themes/betheme/assets/prettyPhoto/images/light_square/sprite.png]
[abdulmateen.net/wp-content/themes/betheme/assets/prettyPhoto/images/light_square/btnNext.png]
[abdulmateen.net/wp-content/themes/betheme/assets/prettyPhoto/images/light_square/btnPrevious.png]
[abdulmateen.net/wp-content/themes/betheme/assets/prettyPhoto/images/facebook/sprite.png]
[abdulmateen.net/wp-content/themes/betheme/assets/prettyPhoto/images/facebook/contentPatternTop.png]
[abdulmateen.net/wp-content/themes/betheme/assets/prettyPhoto/images/facebook/contentPatternLeft.png]
[abdulmateen.net/wp-content/themes/betheme/assets/prettyPhoto/images/facebook/contentPatternRight.png]
[abdulmateen.net/wp-content/themes/betheme/assets/prettyPhoto/images/facebook/loader.gif]
[abdulmateen.net/wp-content/themes/betheme/assets/prettyPhoto/images/facebook/btnNext.png]
[abdulmateen.net/wp-content/themes/betheme/assets/prettyPhoto/images/facebook/btnPrevious.png]
[abdulmateen.net/wp-content/themes/betheme/assets/prettyPhoto/images/facebook/contentPatternBottom.png]
[abdulmateen.net/wp-content/themes/betheme/assets/prettyPhoto/images/facebook/default_thumbnail.gif]
[abdulmateen.net/wp-content/themes/betheme/assets/prettyPhoto/images/light_rounded/loader.gif]
[abdulmateen.net/wp-content/themes/betheme/assets/prettyPhoto/prettyPhotof7b6.css]
[abdulmateen.net/wp-content/themes/betheme/assets/jplayer/css/jplayer.png]
[abdulmateen.net/wp-content/themes/betheme/assets/jplayer/css/jplayer.blue.monday.jpg]
[abdulmateen.net/wp-content/themes/betheme/assets/jplayer/css/jplayer.blue.monday.seeking.gif]
[abdulmateen.net/wp-content/themes/betheme/assets/jplayer/css/jplayer.blue.mondayf7b6.css]
[abdulmateen.net/wp-content/themes/betheme/css/responsivef7b6.css]
[cdn.jsdelivr.net/fontawesome/4.7.0/css/font-awesome.min1849.css]
[abdulmateen.net/GET]
[abdulmateen.net/Error pJS - No image.src]
[abdulmateen.net/wp-content/plugins/ParticleJs-WP-Plugin-master/includes/particles6959.js]
[abdulmateen.net/wp-includes/js/jquery/jqueryb8ff.js]
[abdulmateen.net/wp-includes/js/jquery/jquery-migrate.min330a.js]
[abdulmateen.net/wp-content/plugins/the-preloader/js/preloader-script.js]
[abdulmateen.net/images/stripes/stripes_3_b.html]
[abdulmateen.net/OneSignalSDKUpdaterWorker.js.html]
[abdulmateen.net/OneSignalSDKWorker.js.html]
[abdulmateen.net/_autoindex/icons/blank.png]
[abdulmateen.net/_autoindex/icons/up.png]
[abdulmateen.net/wp-content/plugins/onesignal-free-web-push-notifications/sdk_files/index9a11.html]
[abdulmateen.net/_autoindex/icons/html.png]
[abdulmateen.net/wp-content/plugins/onesignal-free-web-push-notifications/sdk_files/index2a60.html]
[abdulmateen.net/wp-content/plugins/onesignal-free-web-push-notifications/sdk_files/index3dd6.html]
[abdulmateen.net/wp-content/plugins/onesignal-free-web-push-notifications/index.html]
[abdulmateen.net/wp-content/plugins/onesignal-free-web-push-notifications/sdk_files/index0389.html]
[abdulmateen.net/wp-content/plugins/onesignal-free-web-push-notifications/sdk_files/OneSignalSDKUpdaterWorker.js.php]
[abdulmateen.net/wp-content/plugins/onesignal-free-web-push-notifications/sdk_files/OneSignalSDKWorker.js.php]
[abdulmateen.net/wp-content/plugins/onesignal-free-web-push-notifications/sdk_files/manifest.json.json]
[abdulmateen.net/wp-content/plugins/onesignal-free-web-push-notifications/sdk_files/index.html]
[abdulmateen.net/peerlogics.html]
[abdulmateen.net/theepresence.html]
[abdulmateen.net/portfolio-types/graphic-design/feed/index.html]
[abdulmateen.net/portfolio-types/images/stripes/stripes_3_b.png]
[abdulmateen.net/portfolio-types/graphic-design/OneSignalSDKUpdaterWorker.js.php]
[abdulmateen.net/portfolio-types/graphic-design/OneSignalSDKWorker.js.php]
[abdulmateen.net/wp-content/uploads/2018/01/travel-brochure-960x750.jpg]
[abdulmateen.net/wp-content/uploads/2018/01/abdulmateen-logo-dp-960x750.jpg]
[abdulmateen.net/wp-content/uploads/2018/01/banana-vs-carrot-960x750.jpg]
[abdulmateen.net/wp-content/uploads/2018/01/pink-ribon-brochure-f-960x750.jpg]
[abdulmateen.net/wp-content/uploads/2018/01/peerlogics-brochure-featured-960x750.jpg]
[abdulmateen.net/wp-content/uploads/2018/01/bus1-960x750.jpg]
[abdulmateen.net/wp-content/uploads/2018/01/14-august-pakistan-featured-960x750.jpg]
[abdulmateen.net/wp-content/uploads/2018/02/theEPresence-Flayer-960x750.jpg]
[abdulmateen.net/portfolio-types/graphic-design/index.html]
[abdulmateen.net/portfolio-types/logo-design/feed/index.html]
[abdulmateen.net/portfolio-types/logo-design/OneSignalSDKUpdaterWorker.js.php]
[abdulmateen.net/portfolio-types/logo-design/OneSignalSDKWorker.js.php]
[abdulmateen.net/wp-content/uploads/2018/01/ALL-IN-ONE-SHOP-960x750.jpg]
[abdulmateen.net/wp-content/uploads/2018/01/KK-960x750.jpg]
[abdulmateen.net/wp-content/uploads/2018/01/HookStrawberry-960x750.jpg]
[abdulmateen.net/wp-content/uploads/2018/01/Opioidology1-960x750.jpg]
[abdulmateen.net/wp-content/uploads/2018/01/Technical-Khan-Ji1-960x750.jpg]
[abdulmateen.net/wp-content/uploads/2018/01/Bikini-logo-960x750.jpg]
[abdulmateen.net/wp-content/uploads/2018/01/Black-Bull-RC-logo-960x750.jpg]
[abdulmateen.net/wp-content/uploads/2018/01/Islamabad-Isychological-Center-Logo-960x750.jpg]
[abdulmateen.net/wp-content/uploads/2018/01/LoremIpsum-Unused-Logo-960x750.jpg]
[abdulmateen.net/wp-content/uploads/2018/01/Code-Roid-Logo-960x750.jpg]
[abdulmateen.net/wp-content/uploads/2018/01/Lorem-Ipsum-960x750.jpg]
[abdulmateen.net/wp-content/uploads/2018/01/NWIH-LOGO-960x750.jpg]
[abdulmateen.net/wp-content/uploads/2018/01/Booking-Diary-App-Logo-960x750.jpg]
[abdulmateen.net/wp-content/uploads/2018/01/rent-your-house-logo-960x750.jpg]
[abdulmateen.net/wp-content/uploads/2018/01/logo-folio-2016-2017-960x750.jpg]
[abdulmateen.net/portfolio-types/logo-design/index.html]
[abdulmateen.net/portfolio-types/web-design/OneSignalSDKUpdaterWorker.js.php]
[abdulmateen.net/portfolio-types/web-design/feed/index.html]
[abdulmateen.net/portfolio-types/web-design/OneSignalSDKWorker.js.php]
[abdulmateen.net/wp-content/uploads/2018/01/italian-restaurant-f-image-960x750.jpg]
[abdulmateen.net/wp-content/uploads/2018/03/companies-incorporated-website-960x750.jpg]
[abdulmateen.net/wp-content/uploads/2018/01/photography-web-2-960x750.jpg]
[abdulmateen.net/wp-content/uploads/2018/01/web-blossom-artist-featured-image-960x750.jpg]
[abdulmateen.net/wp-content/uploads/2018/01/ep-960x750.jpg]
[abdulmateen.net/wp-content/uploads/2018/01/web-Renewable-Resources-image-960x750.jpg]
[abdulmateen.net/wp-content/uploads/2018/01/nwih-org-960x750.jpg]
[abdulmateen.net/portfolio-types/web-design/index.html]
[abdulmateen.net/portfolio-types/web-development/OneSignalSDKUpdaterWorker.js.php]
[abdulmateen.net/portfolio-types/web-development/feed/index.html]
[abdulmateen.net/portfolio-types/web-development/OneSignalSDKWorker.js.php]
[abdulmateen.net/wp-content/uploads/2018/02/ambreenrashidkhan-960x750.jpg]
[abdulmateen.net/wp-content/uploads/2018/02/Infininty-Mining-Pakistan-960x750.jpg]
[abdulmateen.net/wp-content/uploads/2018/01/web-qazi-image-960x750.jpg]
[abdulmateen.net/wp-content/uploads/2018/01/Columbia-Hospice-Care-960x750.jpg]
[abdulmateen.net/wp-content/uploads/2018/01/Calculator-With-JavaScript-960x750.jpg]
[abdulmateen.net/portfolio-types/web-development/index.html]
[abdulmateen.net/wp-json/oembed/1.0/embed27a2.json]
[abdulmateen.net/portfolio-item/italian-restaurant/feed/index.html]
[abdulmateen.net/wp-json/oembed/1.0/embed5097]
[abdulmateen.net/portfolio-item/images/stripes/stripes_3_b.png]
[abdulmateen.net/portfolio-item/italian-restaurant/OneSignalSDKUpdaterWorker.js.php]
[abdulmateen.net/portfolio-item/italian-restaurant/OneSignalSDKWorker.js.php]
[abdulmateen.net/wp-content/uploads/2018/01/ALL-IN-ONE-SHOP-80x80.jpg]
[abdulmateen.net/author/abdulmateen/index.html]
[ws.sharethis.com/button/buttons.js]
[abdulmateen.net/wp-content/uploads/2018/01/italian-restaurant-f-image-980x480.jpg]
[abdulmateen.net/wp-content/uploads/2018/01/0d36ba41564925.58cea8daf25db.jpg]
[abdulmateen.net/portfolio-item/italian-restaurant/index.html]
[abdulmateen.net/wp-json/oembed/1.0/embed0de9.json]
[abdulmateen.net/portfolio-item/clinical-psychologist/feed/index.html]
[abdulmateen.net/wp-json/oembed/1.0/embed12bd]
[abdulmateen.net/portfolio-item/clinical-psychologist/OneSignalSDKUpdaterWorker.js.php]
[abdulmateen.net/portfolio-item/clinical-psychologist/OneSignalSDKWorker.js.php]
[abdulmateen.net/wp-content/uploads/2018/02/ambreenrashidkhan-980x480.jpg]
[abdulmateen.net/wp-content/uploads/2018/02/AMBREEN2.png]
[abdulmateen.net/portfolio-item/clinical-psychologist/index.html]
[abdulmateen.net/wp-json/oembed/1.0/embed1a38.json]
[abdulmateen.net/portfolio-item/all-in-one-shop/feed/index.html]
[abdulmateen.net/wp-json/oembed/1.0/embed92b5]
[abdulmateen.net/portfolio-item/all-in-one-shop/OneSignalSDKUpdaterWorker.js.php]
[abdulmateen.net/portfolio-item/all-in-one-shop/OneSignalSDKWorker.js.php]
[abdulmateen.net/wp-content/uploads/2018/01/italian-restaurant-f-image-80x80.jpg]
[abdulmateen.net/wp-content/uploads/2018/02/Infininty-Mining-Pakistan-80x80.jpg]
[abdulmateen.net/wp-content/uploads/2018/01/ALL-IN-ONE-SHOP-980x480.jpg]
[abdulmateen.net/portfolio-item/all-in-one-shop/index.html]
[abdulmateen.net/wp-json/oembed/1.0/embeda69c.json]
[abdulmateen.net/portfolio-item/companies-incorporated-website/feed/index.html]
[abdulmateen.net/wp-json/oembed/1.0/embedde5e]
[abdulmateen.net/portfolio-item/companies-incorporated-website/OneSignalSDKUpdaterWorker.js.php]
[abdulmateen.net/portfolio-item/companies-incorporated-website/OneSignalSDKWorker.js.php]
[abdulmateen.net/wp-content/uploads/2018/03/companies-incorporated-website-980x480.jpg]
[abdulmateen.net/wp-content/uploads/2018/03/Companies-Incorporated-be-project.jpg]
[abdulmateen.net/portfolio-item/companies-incorporated-website/index.html]
[abdulmateen.net/wp-json/oembed/1.0/embeddd8e.json]
[abdulmateen.net/portfolio-item/travel-brochure/feed/index.html]
[abdulmateen.net/wp-json/oembed/1.0/embede299]
[abdulmateen.net/portfolio-item/travel-brochure/OneSignalSDKUpdaterWorker.js.php]
[abdulmateen.net/portfolio-item/travel-brochure/OneSignalSDKWorker.js.php]
[abdulmateen.net/wp-content/uploads/2018/01/banana-vs-carrot-80x80.jpg]
[abdulmateen.net/wp-content/uploads/2018/01/travel-brochure-980x480.jpg]
[abdulmateen.net/wp-content/uploads/2018/01/travel.jpg]
[abdulmateen.net/portfolio-item/travel-brochure/index.html]
[abdulmateen.net/wp-json/oembed/1.0/embedeee6.json]
[abdulmateen.net/portfolio-item/personal-identity/feed/index.html]
[abdulmateen.net/wp-json/oembed/1.0/embedbd4b]
[abdulmateen.net/portfolio-item/personal-identity/OneSignalSDKUpdaterWorker.js.php]
[abdulmateen.net/portfolio-item/personal-identity/OneSignalSDKWorker.js.php]
[abdulmateen.net/wp-content/uploads/2018/01/abdulmateen-logo-dp-980x480.jpg]
[abdulmateen.net/wp-content/uploads/2018/01/abdulmateen-fb-cover.jpg]
[abdulmateen.net/portfolio-item/personal-identity/index.html]
[abdulmateen.net/wp-json/oembed/1.0/embed27b6.json]
[abdulmateen.net/portfolio-item/infininty-mining-pakistan/feed/index.html]
[abdulmateen.net/wp-json/oembed/1.0/embed6fc9]
[abdulmateen.net/portfolio-item/infininty-mining-pakistan/OneSignalSDKUpdaterWorker.js.php]
[abdulmateen.net/portfolio-item/infininty-mining-pakistan/OneSignalSDKWorker.js.php]
[abdulmateen.net/wp-content/uploads/2018/02/Infininty-Mining-Pakistan-980x480.jpg]
[abdulmateen.net/wp-content/uploads/2018/02/Infininty-Mining-Pakistan.png]
[abdulmateen.net/portfolio-item/infininty-mining-pakistan/index.html]
[abdulmateen.net/bitcoin/css/bootstrap.min.css]
[abdulmateen.net/bitcoin/css/font-awesome.min.css]
[abdulmateen.net/bitcoin/css/animate.min.css]
[abdulmateen.net/bitcoin/css/prettyPhoto.css]
[abdulmateen.net/bitcoin/css/main.css]
[abdulmateen.net/bitcoin/css/responsive.css]
[abdulmateen.net/bitcoin/images/icon.png]
[abdulmateen.net/bitcoin/index-2.html]
[abdulmateen.net/bitcoin/images/logo.png]
[abdulmateen.net/bitcoin/shop.html]
[abdulmateen.net/bitcoin/about-us.html]
[abdulmateen.net/bitcoin/contact-us.html]
[abdulmateen.net/bitcoin/images/slider/bg1.jpg]
[abdulmateen.net/bitcoin/images/slider/img1.png]
[abdulmateen.net/bitcoin/images/slider/bg2.jpg]
[abdulmateen.net/bitcoin/images/slider/img2.png]
[abdulmateen.net/bitcoin/images/slider/bg3.jpg]
[abdulmateen.net/bitcoin/images/slider/img3.png]
[abdulmateen.net/bitcoin/images/portfolio/recent/item1.png]
[abdulmateen.net/bitcoin/images/portfolio/full/item011.png]
[abdulmateen.net/bitcoin/images/portfolio/recent/item2.png]
[abdulmateen.net/bitcoin/images/portfolio/full/item012.png]
[abdulmateen.net/bitcoin/images/portfolio/recent/item3.png]
[abdulmateen.net/bitcoin/images/portfolio/full/item013.png]
[abdulmateen.net/bitcoin/images/portfolio/recent/item4.png]
[abdulmateen.net/bitcoin/images/portfolio/full/item014.png]
[abdulmateen.net/bitcoin/images/portfolio/recent/item5.png]
[abdulmateen.net/bitcoin/images/portfolio/full/item015.png]
[abdulmateen.net/bitcoin/images/portfolio/recent/item6.png]
[abdulmateen.net/bitcoin/images/portfolio/full/item016.png]
[abdulmateen.net/bitcoin/images/portfolio/recent/item7.png]
[abdulmateen.net/bitcoin/images/portfolio/full/item017.png]
[abdulmateen.net/bitcoin/images/portfolio/recent/item8.png]
[abdulmateen.net/bitcoin/images/portfolio/full/item018.png]
[abdulmateen.net/bitcoin/images/items/item1.jpg]
[abdulmateen.net/bitcoin/images/items/item2.jpg]
[abdulmateen.net/bitcoin/images/items/item3.jpg]
[abdulmateen.net/bitcoin/images/items/item4.jpg]
[abdulmateen.net/bitcoin/images/items/item5.jpg]
[abdulmateen.net/bitcoin/images/items/item7.jpg]
[abdulmateen.net/bitcoin/images/items/item6.jpg]
[abdulmateen.net/bitcoin/images/items/item8.jpg]
[abdulmateen.net/bitcoin/images/partners/partner1.png]
[abdulmateen.net/bitcoin/images/partners/partner2.png]
[abdulmateen.net/bitcoin/images/partners/partner3.png]
[abdulmateen.net/bitcoin/images/partners/partner4.png]
[abdulmateen.net/bitcoin/images/partners/partner5.png]
[abdulmateen.net/bitcoin/js/bootstrap.min.js]
[abdulmateen.net/bitcoin/js/jquery.js]
[abdulmateen.net/bitcoin/js/jquery.prettyPhoto.js]
[abdulmateen.net/bitcoin/js/jquery.isotope.min.js]
[abdulmateen.net/bitcoin/js/main.js]
[abdulmateen.net/bitcoin/js/wow.min.js]
[abdulmateen.net/bitcoin/index.html]
[abdulmateen.net/wp-json/oembed/1.0/embed1d08.json]
[abdulmateen.net/portfolio-item/manipulation-banana-vs-carrot/feed/index.html]
[abdulmateen.net/wp-json/oembed/1.0/embedeb85]
[abdulmateen.net/portfolio-item/manipulation-banana-vs-carrot/OneSignalSDKUpdaterWorker.js.php]
[abdulmateen.net/portfolio-item/manipulation-banana-vs-carrot/OneSignalSDKWorker.js.php]
[abdulmateen.net/wp-content/uploads/2018/01/travel-brochure-80x80.jpg]
[abdulmateen.net/wp-content/uploads/2018/01/photography-web-2-80x80.jpg]
[abdulmateen.net/wp-content/uploads/2018/01/banana-vs-carrot-980x480.jpg]
[abdulmateen.net/wp-content/uploads/2018/01/banana-lg.jpg]
[abdulmateen.net/portfolio-item/manipulation-banana-vs-carrot/index.html]
[abdulmateen.net/wp-json/oembed/1.0/embed8b90.json]
[abdulmateen.net/portfolio-item/phtotgraphy/feed/index.html]
[abdulmateen.net/wp-json/oembed/1.0/embedd4c1]
[abdulmateen.net/portfolio-item/phtotgraphy/OneSignalSDKUpdaterWorker.js.php]
[abdulmateen.net/portfolio-item/phtotgraphy/OneSignalSDKWorker.js.php]
[abdulmateen.net/wp-content/uploads/2018/02/theEPresence-Flayer-80x80.jpg]
[abdulmateen.net/wp-content/uploads/2018/01/photography-web-2-980x480.jpg]
[abdulmateen.net/wp-content/uploads/2018/01/photography-web-1.jpg]
[abdulmateen.net/portfolio-item/phtotgraphy/index.html]
[abdulmateen.net/wp-json/oembed/1.0/embed8cbb.json]
[abdulmateen.net/portfolio-item/theepresence-flayer/feed/index.html]
[abdulmateen.net/portfolio-item/theepresence-flayer/OneSignalSDKUpdaterWorker.js.php]
[abdulmateen.net/portfolio-item/theepresence-flayer/OneSignalSDKWorker.js.php]
[abdulmateen.net/wp-content/uploads/2018/02/theEPresence-Flayer-980x480.jpg]
[abdulmateen.net/wp-content/uploads/2018/02/epflayer-lg.jpg]
[abdulmateen.net/portfolio-item/theepresence-flayer/index.html]
[abdulmateen.net/portfolio-item/kutab-khanah/feed/index.html]
[abdulmateen.net/wp-json/oembed/1.0/embed0cea.json]
[abdulmateen.net/wp-json/oembed/1.0/embed82b2]
[abdulmateen.net/portfolio-item/kutab-khanah/OneSignalSDKUpdaterWorker.js.php]
[abdulmateen.net/portfolio-item/kutab-khanah/OneSignalSDKWorker.js.php]
[abdulmateen.net/wp-content/uploads/2018/01/KK-980x480.jpg]
[abdulmateen.net/portfolio-item/kutab-khanah/index.html]
[abdulmateen.net/wp-json/oembed/1.0/embed6ea1.json]
[abdulmateen.net/portfolio-item/black-bull-rc/feed/index.html]
[abdulmateen.net/wp-json/oembed/1.0/embed37e5]
[abdulmateen.net/portfolio-item/black-bull-rc/OneSignalSDKUpdaterWorker.js.php]
[abdulmateen.net/portfolio-item/black-bull-rc/OneSignalSDKWorker.js.php]
[abdulmateen.net/wp-content/uploads/2018/01/Black-Bull-RC-logo-980x480.jpg]
[abdulmateen.net/portfolio-item/black-bull-rc/index.html]
[abdulmateen.net/wp-json/oembed/1.0/embedc039.json]
[abdulmateen.net/portfolio-item/blossom-artist/feed/index.html]
[abdulmateen.net/wp-json/oembed/1.0/embeddc08]
[abdulmateen.net/portfolio-item/blossom-artist/OneSignalSDKUpdaterWorker.js.php]
[abdulmateen.net/portfolio-item/blossom-artist/OneSignalSDKWorker.js.php]
[abdulmateen.net/wp-content/uploads/2018/01/web-blossom-artist-featured-image-980x480.jpg]
[abdulmateen.net/wp-content/uploads/2018/01/blossom-artista-web.png]
[abdulmateen.net/portfolio-item/blossom-artist/index.html]
[abdulmateen.net/wp-json/oembed/1.0/embedb890.json]
[abdulmateen.net/portfolio-item/columbia-hospice-care/feed/index.html]
[abdulmateen.net/wp-json/oembed/1.0/embed5406]
[abdulmateen.net/portfolio-item/columbia-hospice-care/OneSignalSDKUpdaterWorker.js.php]
[abdulmateen.net/portfolio-item/columbia-hospice-care/OneSignalSDKWorker.js.php]
[abdulmateen.net/wp-content/uploads/2018/01/Columbia-Hospice-Care-980x480.jpg]
[abdulmateen.net/wp-content/uploads/2018/01/Columbia-Hospice-Care-Website-.png]
[abdulmateen.net/wp-content/uploads/2018/01/Columbia-Hospice-Care-about.png]
[abdulmateen.net/wp-content/uploads/2018/01/Columbia-Hospice-Care-Contact.png]
[abdulmateen.net/portfolio-item/columbia-hospice-care/index.html]
[abdulmateen.net/wp-json/oembed/1.0/embedfd20.json]
[abdulmateen.net/portfolio-item/logo-folio-2016-2017-abdul-mateen/feed/index.html]
[abdulmateen.net/wp-json/oembed/1.0/embed724c]
[abdulmateen.net/portfolio-item/logo-folio-2016-2017-abdul-mateen/OneSignalSDKUpdaterWorker.js.php]
[abdulmateen.net/portfolio-item/logo-folio-2016-2017-abdul-mateen/OneSignalSDKWorker.js.php]
[abdulmateen.net/wp-content/uploads/2018/01/logo-folio-2016-2017-980x480.jpg]
[abdulmateen.net/wp-content/uploads/2018/01/logofolio-abdulmateen.jpg]
[abdulmateen.net/portfolio-item/logo-folio-2016-2017-abdul-mateen/index.html]
[abdulmateen.net/wp-json/oembed/1.0/embed312f.json]
[abdulmateen.net/portfolio-item/theepresence/feed/index.html]
[abdulmateen.net/wp-json/oembed/1.0/embedc35f]
[abdulmateen.net/portfolio-item/theepresence/OneSignalSDKUpdaterWorker.js.php]
[abdulmateen.net/portfolio-item/theepresence/OneSignalSDKWorker.js.php]
[abdulmateen.net/wp-content/uploads/2018/01/ep-980x480.jpg]
[abdulmateen.net/wp-content/uploads/2018/01/TheEPresence.jpg]
[abdulmateen.net/portfolio-item/theepresence/index.html]
[abdulmateen.net/wp-json/oembed/1.0/embedf2a6.json]
[abdulmateen.net/portfolio-item/qazi-driving-school/feed/index.html]
[abdulmateen.net/wp-json/oembed/1.0/embede6fc]
[abdulmateen.net/portfolio-item/qazi-driving-school/OneSignalSDKUpdaterWorker.js.php]
[abdulmateen.net/portfolio-item/qazi-driving-school/OneSignalSDKWorker.js.php]
[abdulmateen.net/wp-content/uploads/2018/01/web-qazi-image-980x480.jpg]
[abdulmateen.net/wp-content/uploads/2018/01/qazidrivingschool-website.png]
[abdulmateen.net/portfolio-item/qazi-driving-school/index.html]
[abdulmateen.net/wp-json/oembed/1.0/embed65a7.json]
[abdulmateen.net/portfolio-item/renewable-resources/feed/index.html]
[abdulmateen.net/wp-json/oembed/1.0/embed81d4]
[abdulmateen.net/portfolio-item/renewable-resources/OneSignalSDKUpdaterWorker.js.php]
[abdulmateen.net/portfolio-item/renewable-resources/OneSignalSDKWorker.js.php]
[abdulmateen.net/wp-content/uploads/2018/01/web-Renewable-Resources-image-980x480.jpg]
[abdulmateen.net/wp-content/uploads/2018/01/Renewable.Resources.png]
[abdulmateen.net/portfolio-item/renewable-resources/index.html]
[abdulmateen.net/wp-json/oembed/1.0/embed47df.json]
[abdulmateen.net/feed/index551f.html]
[abdulmateen.net/wp-json/oembed/1.0/embed267d]
[abdulmateen.net/renewableresources/OneSignalSDKUpdaterWorker.js.php]
[abdulmateen.net/renewableresources/OneSignalSDKWorker.js.php]
[abdulmateen.net/wp-content/uploads/2018/01/renewableresources.png]
[abdulmateen.net/wp-content/uploads/2018/01/renewableresources-125x300.png]
[abdulmateen.net/renewableresources/index.html]
[abdulmateen.net/wp-json/oembed/1.0/embed0fc1.json]
[abdulmateen.net/portfolio-item/hook-strawberry/feed/index.html]
[abdulmateen.net/wp-json/oembed/1.0/embedff19]
[abdulmateen.net/portfolio-item/hook-strawberry/OneSignalSDKUpdaterWorker.js.php]
[abdulmateen.net/portfolio-item/hook-strawberry/OneSignalSDKWorker.js.php]
[abdulmateen.net/wp-content/uploads/2018/01/HookStrawberry-980x480.jpg]
[abdulmateen.net/portfolio-item/hook-strawberry/index.html]
[abdulmateen.net/portfolio-item/pink-ribon/feed/index.html]
[abdulmateen.net/wp-json/oembed/1.0/embedb061.json]
[abdulmateen.net/wp-json/oembed/1.0/embed6610]
[abdulmateen.net/portfolio-item/pink-ribon/OneSignalSDKUpdaterWorker.js.php]
[abdulmateen.net/portfolio-item/pink-ribon/OneSignalSDKWorker.js.php]
[abdulmateen.net/wp-content/uploads/2018/01/pink-ribon-brochure-f-980x480.jpg]
[abdulmateen.net/wp-content/uploads/2018/01/pinkribon-brochure.jpg]
[abdulmateen.net/wp-content/uploads/2018/01/pink-ribon-brochure1.jpg]
[abdulmateen.net/wp-content/uploads/2018/01/pink-ribon-brochure2.jpg]
[abdulmateen.net/portfolio-item/pink-ribon/index.html]
[abdulmateen.net/wp-json/oembed/1.0/embedfbaa.json]
[abdulmateen.net/portfolio-item/peerlogics/feed/index.html]
[abdulmateen.net/wp-json/oembed/1.0/embedd854]
[abdulmateen.net/portfolio-item/peerlogics/OneSignalSDKUpdaterWorker.js.php]
[abdulmateen.net/portfolio-item/peerlogics/OneSignalSDKWorker.js.php]
[abdulmateen.net/wp-content/uploads/2018/01/peerlogics-brochure-featured-980x480.jpg]
[abdulmateen.net/wp-content/uploads/2018/01/peerlogics-brochure.jpg]
[abdulmateen.net/wp-content/uploads/2018/01/peerlogics-brochure1.jpg]
[abdulmateen.net/portfolio-item/peerlogics/index.html]
[abdulmateen.net/wp-json/oembed/1.0/embeda121.json]
[abdulmateen.net/portfolio-item/opioidology/feed/index.html]
[abdulmateen.net/wp-json/oembed/1.0/embedd114]
[abdulmateen.net/portfolio-item/opioidology/OneSignalSDKUpdaterWorker.js.php]
[abdulmateen.net/portfolio-item/opioidology/OneSignalSDKWorker.js.php]
[abdulmateen.net/wp-content/uploads/2018/01/Opioidology1-980x480.jpg]
[abdulmateen.net/wp-content/uploads/2018/01/Opioidology.jpg]
[abdulmateen.net/portfolio-item/opioidology/index.html]
[abdulmateen.net/wp-json/oembed/1.0/embed8179.json]
[abdulmateen.net/portfolio-item/bus-illustration/feed/index.html]
[abdulmateen.net/wp-json/oembed/1.0/embeda7cd]
[abdulmateen.net/portfolio-item/bus-illustration/OneSignalSDKUpdaterWorker.js.php]
[abdulmateen.net/portfolio-item/bus-illustration/OneSignalSDKWorker.js.php]
[abdulmateen.net/wp-content/uploads/2018/01/bus1-980x480.jpg]
[abdulmateen.net/portfolio-item/bus-illustration/index.html]
[abdulmateen.net/wp-json/oembed/1.0/embed284b.json]
[abdulmateen.net/portfolio-item/technical-khan-ji/feed/index.html]
[abdulmateen.net/wp-json/oembed/1.0/embeda71c]
[abdulmateen.net/portfolio-item/technical-khan-ji/OneSignalSDKUpdaterWorker.js.php]
[abdulmateen.net/portfolio-item/technical-khan-ji/OneSignalSDKWorker.js.php]
[abdulmateen.net/wp-content/uploads/2018/01/Technical-Khan-Ji1-980x480.jpg]
[abdulmateen.net/portfolio-item/technical-khan-ji/index.html]
[abdulmateen.net/wp-json/oembed/1.0/embed6093.json]
[abdulmateen.net/portfolio-item/bikini/feed/index.html]
[abdulmateen.net/wp-json/oembed/1.0/embed4d1c]
[abdulmateen.net/portfolio-item/bikini/OneSignalSDKUpdaterWorker.js.php]
[abdulmateen.net/portfolio-item/bikini/OneSignalSDKWorker.js.php]
[abdulmateen.net/wp-content/uploads/2018/01/Bikini-logo-980x480.jpg]
[abdulmateen.net/portfolio-item/bikini/index.html]
[abdulmateen.net/wp-json/oembed/1.0/embedd6b3.json]
[abdulmateen.net/portfolio-item/14-august-pakistan/feed/index.html]
[abdulmateen.net/wp-json/oembed/1.0/embeda551]
[abdulmateen.net/portfolio-item/14-august-pakistan/OneSignalSDKUpdaterWorker.js.php]
[abdulmateen.net/portfolio-item/14-august-pakistan/OneSignalSDKWorker.js.php]
[abdulmateen.net/wp-content/uploads/2018/01/14-august-pakistan-featured-980x480.jpg]
[abdulmateen.net/wp-content/uploads/2018/01/14-august-pakistan.jpg]
[abdulmateen.net/portfolio-item/14-august-pakistan/index.html]
[abdulmateen.net/wp-json/oembed/1.0/embed92d4.json]
[abdulmateen.net/portfolio-item/islamabad-psychological-center/feed/index.html]
[abdulmateen.net/portfolio-item/islamabad-psychological-center/OneSignalSDKUpdaterWorker.js.php]
[abdulmateen.net/portfolio-item/islamabad-psychological-center/OneSignalSDKWorker.js.php]
[abdulmateen.net/wp-content/uploads/2018/01/Islamabad-Isychological-Center-Logo-980x480.jpg]
[abdulmateen.net/wp-content/uploads/2018/01/Islamabad-Isychological-Center.jpg]
[abdulmateen.net/portfolio-item/islamabad-psychological-center/index.html]
[abdulmateen.net/wp-json/oembed/1.0/embed468d.json]
[abdulmateen.net/portfolio-item/lorem-ipsum/feed/index.html]
[abdulmateen.net/wp-json/oembed/1.0/embedf41a]
[abdulmateen.net/portfolio-item/lorem-ipsum/OneSignalSDKUpdaterWorker.js.php]
[abdulmateen.net/portfolio-item/lorem-ipsum/OneSignalSDKWorker.js.php]
[abdulmateen.net/wp-content/uploads/2018/01/LoremIpsum-Unused-Logo-980x480.jpg]
[abdulmateen.net/portfolio-item/lorem-ipsum/index.html]
[abdulmateen.net/wp-json/oembed/1.0/embedb98a.json]
[abdulmateen.net/portfolio-item/code-roid/feed/index.html]
[abdulmateen.net/wp-json/oembed/1.0/embed5ef5]
[abdulmateen.net/portfolio-item/code-roid/OneSignalSDKUpdaterWorker.js.php]
[abdulmateen.net/portfolio-item/code-roid/OneSignalSDKWorker.js.php]
[abdulmateen.net/wp-content/uploads/2018/01/Code-Roid-Logo-980x480.jpg]
[abdulmateen.net/portfolio-item/code-roid/index.html]
[abdulmateen.net/wp-json/oembed/1.0/embed05f2.json]
[abdulmateen.net/portfolio-item/lorem-ipsum-2/feed/index.html]
[abdulmateen.net/wp-json/oembed/1.0/embed8f52]
[abdulmateen.net/portfolio-item/lorem-ipsum-2/OneSignalSDKUpdaterWorker.js.php]
[abdulmateen.net/portfolio-item/lorem-ipsum-2/OneSignalSDKWorker.js.php]
[abdulmateen.net/wp-content/uploads/2018/01/Lorem-Ipsum-980x480.jpg]
[abdulmateen.net/portfolio-item/lorem-ipsum-2/index.html]
[abdulmateen.net/wp-json/oembed/1.0/embeda7ea.json]
[abdulmateen.net/portfolio-item/nwih-logo/feed/index.html]
[abdulmateen.net/wp-json/oembed/1.0/embed6391]
[abdulmateen.net/portfolio-item/nwih-logo/OneSignalSDKUpdaterWorker.js.php]
[abdulmateen.net/portfolio-item/nwih-logo/OneSignalSDKWorker.js.php]
[abdulmateen.net/wp-content/uploads/2018/01/NWIH-LOGO-980x480.jpg]
[abdulmateen.net/portfolio-item/nwih-logo/index.html]
[abdulmateen.net/wp-json/oembed/1.0/embed254f.json]
[abdulmateen.net/portfolio-item/nwih/feed/index.html]
[abdulmateen.net/wp-json/oembed/1.0/embed050e]
[abdulmateen.net/portfolio-item/nwih/OneSignalSDKUpdaterWorker.js.php]
[abdulmateen.net/portfolio-item/nwih/OneSignalSDKWorker.js.php]
[abdulmateen.net/wp-content/uploads/2018/01/nwih-org-980x480.jpg]
[abdulmateen.net/wp-content/uploads/2018/01/nwih.png]
[abdulmateen.net/portfolio-item/nwih/index.html]
[abdulmateen.net/wp-json/oembed/1.0/embedb0d0.json]
[abdulmateen.net/portfolio-item/booking-diary/feed/index.html]
[abdulmateen.net/wp-json/oembed/1.0/embede061]
[abdulmateen.net/portfolio-item/booking-diary/OneSignalSDKUpdaterWorker.js.php]
[abdulmateen.net/portfolio-item/booking-diary/OneSignalSDKWorker.js.php]
[abdulmateen.net/wp-content/uploads/2018/01/Booking-Diary-App-Logo-980x480.jpg]
[abdulmateen.net/wp-content/uploads/2018/01/Booking-Diary-Logo.jpg]
[abdulmateen.net/portfolio-item/booking-diary/index.html]
[abdulmateen.net/wp-json/oembed/1.0/embed3b08.json]
[abdulmateen.net/portfolio-item/rent-hour-house/feed/index.html]
[abdulmateen.net/wp-json/oembed/1.0/embedc5b6]
[abdulmateen.net/portfolio-item/rent-hour-house/OneSignalSDKUpdaterWorker.js.php]
[abdulmateen.net/portfolio-item/rent-hour-house/OneSignalSDKWorker.js.php]
[abdulmateen.net/wp-content/uploads/2018/01/rent-your-house-logo-980x480.jpg]
[abdulmateen.net/portfolio-item/rent-hour-house/index.html]
[abdulmateen.net/wp-json/oembed/1.0/embed5ad6.json]
[abdulmateen.net/portfolio-item/calculator/feed/index.html]
[abdulmateen.net/wp-json/oembed/1.0/embedbce2]
[abdulmateen.net/portfolio-item/calculator/OneSignalSDKUpdaterWorker.js.php]
[abdulmateen.net/portfolio-item/calculator/OneSignalSDKWorker.js.php]
[abdulmateen.net/wp-content/uploads/2018/01/Calculator-With-JavaScript-980x480.jpg]
[abdulmateen.net/portfolio-item/calculator/index.html]
[abdulmateen.net/projects/calculator/am.png]
[abdulmateen.net/projects/calculator/index.html]
[abdulmateen.net/www.globaloid.html]
[abdulmateen.net/wp-content/plugins/animated-typing-effect/assets/js/typed68b3.js]
[abdulmateen.net/wp-content/plugins/animated-typing-effect/assets/js/typed.fe68b3.js]
[abdulmateen.net/wp-content/plugins/contact-form-7/includes/js/jquery.form.mind03d.js]
[abdulmateen.net/wp-content/plugins/contact-form-7/includes/js/scripts1c9b.js]
[abdulmateen.net/wp-includes/js/jquery/ui/core.mine899.js]
[abdulmateen.net/wp-includes/js/jquery/ui/widget.mine899.js]
[abdulmateen.net/wp-includes/js/jquery/ui/mouse.mine899.js]
[abdulmateen.net/wp-includes/js/jquery/ui/sortable.mine899.js]
[abdulmateen.net/wp-includes/js/jquery/ui/tabs.mine899.js]
[abdulmateen.net/wp-includes/js/jquery/ui/accordion.mine899.js]
[abdulmateen.net/wp-content/themes/betheme/js/pluginsf7b6.js]
[abdulmateen.net/wp-content/themes/betheme/assets/animations/animations.minf7b6.js]
[abdulmateen.net/wp-content/themes/betheme/assets/jplayer/jplayer.minf7b6.js]
[abdulmateen.net/wp-content/themes/betheme/js/parallax/translate3df7b6.js]
[abdulmateen.net/wp-content/themes/betheme/js/scriptsf7b6.js]
[abdulmateen.net/wp-includes/js/comment-reply.min6959.js]
[abdulmateen.net/wp-includes/js/wp-embed.min6959.js]
[abdulmateen.net/wp-content/themes/betheme/fonts/mfn-icons6392.svg]
[abdulmateen.net/GET.html]
[abdulmateen.net/Error pJS - No image.html]
[abdulmateen.net/wp-content/plugins/onesignal-free-web-push-notifications/sdk_files/index9a11.html]
[abdulmateen.net/wp-content/plugins/onesignal-free-web-push-notifications/sdk_files/index2a60.html]
[abdulmateen.net/wp-content/plugins/onesignal-free-web-push-notifications/sdk_files/index3dd6.html]
[abdulmateen.net/wp-content/themes/betheme/js/menuf7b6.js]
[abdulmateen.net/wp-content/plugins/onesignal-free-web-push-notifications/sdk_files/index0389.html]
[abdulmateen.net/wp-content/plugins/onesignal-free-web-push-notifications/sdk_files/indexd4cd.html]
[abdulmateen.net/wp-content/plugins/onesignal-free-web-push-notifications/sdk_files/index7dc1.html]
[abdulmateen.net/wp-content/plugins/onesignal-free-web-push-notifications/sdk_files/index38f9.html]
[abdulmateen.net/wp-content/plugins/onesignal-free-web-push-notifications/index0389.html]
[abdulmateen.net/wp-content/plugins/onesignal-free-web-push-notifications/onesignal-admin.html]
[abdulmateen.net/wp-content/plugins/onesignal-free-web-push-notifications/index2a60.html]
[abdulmateen.net/wp-content/plugins/onesignal-free-web-push-notifications/index3dd6.html]
[abdulmateen.net/wp-content/plugins/onesignal-free-web-push-notifications/onesignal-public.html]
[abdulmateen.net/wp-content/plugins/onesignal-free-web-push-notifications/views/index.html]
[abdulmateen.net/wp-content/plugins/onesignal-free-web-push-notifications/onesignal-settings.html]
[abdulmateen.net/wp-content/plugins/onesignal-free-web-push-notifications/onesignal-utils.html]
[abdulmateen.net/wp-content/plugins/onesignal-free-web-push-notifications/onesignal-widget.html]
[abdulmateen.net/wp-content/plugins/onesignal-free-web-push-notifications/onesignal.html]
[abdulmateen.net/_autoindex/icons/text.png]
[abdulmateen.net/wp-content/plugins/onesignal-free-web-push-notifications/readme.txt]
[abdulmateen.net/wp-content/plugins/onesignal-free-web-push-notifications/index.html]
[abdulmateen.net/wp-content/plugins/onesignal-free-web-push-notifications/sdk_files/amp-helper-frame.html]
[cdn.onesignal.com/sdks/amp/amp-helper-frame.js]
[abdulmateen.net/wp-content/plugins/onesignal-free-web-push-notifications/sdk_files/amp-permission-dialog.html]
[abdulmateen.net/portfolio-types/images/stripes/stripes_3_b.html]
[abdulmateen.net/portfolio-types/graphic-design/OneSignalSDKUpdaterWorker.js.html]
[abdulmateen.net/portfolio-types/graphic-design/OneSignalSDKWorker.js.html]
[abdulmateen.net/theepresence-flayer/index.html]
[abdulmateen.net/portfolio-types/logo-design/OneSignalSDKUpdaterWorker.js.html]
[abdulmateen.net/portfolio-types/logo-design/OneSignalSDKWorker.js.html]
[abdulmateen.net/logo-folio-2016-2017-abdul-mateen/index.html]
[abdulmateen.net/portfolio-types/web-design/OneSignalSDKUpdaterWorker.js.html]
[abdulmateen.net/portfolio-types/web-design/OneSignalSDKWorker.js.html]
[abdulmateen.net/companies-incorporated-website/index.html]
[abdulmateen.net/portfolio-types/web-development/OneSignalSDKUpdaterWorker.js.html]
[abdulmateen.net/portfolio-types/web-development/OneSignalSDKWorker.js.html]
[abdulmateen.net/infininty-mining-pakistan/index.html]
[abdulmateen.net/portfolio-item/italian-restaurant/feed/index.html]
[abdulmateen.net/indexdd23.html]
[abdulmateen.net/portfolio-item/images/stripes/stripes_3_b.html]
[abdulmateen.net/portfolio-item/italian-restaurant/OneSignalSDKUpdaterWorker.js.html]
[abdulmateen.net/portfolio-item/italian-restaurant/OneSignalSDKWorker.js.html]
[cdn.onesignal.com/sdks/amp/amp-permission-dialog.js]
[abdulmateen.net/author/abdulmateen/feed/index.html]
[abdulmateen.net/author/images/stripes/stripes_3_b.png]
[abdulmateen.net/author/abdulmateen/OneSignalSDKUpdaterWorker.js.php]
[abdulmateen.net/author/abdulmateen/OneSignalSDKWorker.js.php]
[abdulmateen.net/author/abdulmateen/index.html]
[abdulmateen.net/portfolio-item/clinical-psychologist/feed/index.html]
[abdulmateen.net/index80c9.html]
[abdulmateen.net/portfolio-item/clinical-psychologist/OneSignalSDKUpdaterWorker.js.html]
[abdulmateen.net/portfolio-item/clinical-psychologist/OneSignalSDKWorker.js.html]
[abdulmateen.net/portfolio-item/all-in-one-shop/feed/index.html]
[abdulmateen.net/index3c55.html]
[abdulmateen.net/portfolio-item/all-in-one-shop/OneSignalSDKUpdaterWorker.js.html]
[abdulmateen.net/portfolio-item/all-in-one-shop/OneSignalSDKWorker.js.html]
[abdulmateen.net/portfolio-item/companies-incorporated-website/feed/index.html]
[abdulmateen.net/index1639.html]
[abdulmateen.net/portfolio-item/companies-incorporated-website/OneSignalSDKUpdaterWorker.js.html]
[abdulmateen.net/portfolio-item/companies-incorporated-website/OneSignalSDKWorker.js.html]
[abdulmateen.net/portfolio-item/travel-brochure/feed/index.html]
[abdulmateen.net/index8820.html]
[abdulmateen.net/portfolio-item/travel-brochure/OneSignalSDKUpdaterWorker.js.html]
[abdulmateen.net/portfolio-item/travel-brochure/OneSignalSDKWorker.js.html]
[abdulmateen.net/portfolio-item/personal-identity/feed/index.html]
[abdulmateen.net/indexd4a6.html]
[abdulmateen.net/portfolio-item/personal-identity/OneSignalSDKUpdaterWorker.js.html]
[abdulmateen.net/portfolio-item/personal-identity/OneSignalSDKWorker.js.html]
[abdulmateen.net/portfolio-item/infininty-mining-pakistan/feed/index.html]
[abdulmateen.net/index5f0f.html]
[abdulmateen.net/portfolio-item/infininty-mining-pakistan/OneSignalSDKUpdaterWorker.js.html]
[abdulmateen.net/portfolio-item/infininty-mining-pakistan/OneSignalSDKWorker.js.html]
[abdulmateen.net/bitcoin/fonts/glyphicons-halflings-regular.eot]
[abdulmateen.net/bitcoin/fonts/glyphicons-halflings-regulard41d.eot]
[abdulmateen.net/bitcoin/fonts/glyphicons-halflings-regular.woff]
[abdulmateen.net/bitcoin/fonts/glyphicons-halflings-regular.ttf]
[abdulmateen.net/bitcoin/css/bootstrap.min.css]
[abdulmateen.net/bitcoin/fonts/glyphicons-halflings-regular.svg]
[abdulmateen.net/bitcoin/fonts/fontawesome-webfontba72.eot]
[abdulmateen.net/bitcoin/fonts/fontawesome-webfontd41d.eot]
[abdulmateen.net/bitcoin/fonts/fontawesome-webfontba72.woff]
[abdulmateen.net/bitcoin/fonts/fontawesome-webfontba72.ttf]
[abdulmateen.net/bitcoin/css/font-awesome.min.css]
[abdulmateen.net/bitcoin/css/animate.min.css]
[abdulmateen.net/bitcoin/images/prettyPhoto/default/sprite_x.png]
[abdulmateen.net/bitcoin/images/prettyPhoto/default/sprite_y.png]
[abdulmateen.net/bitcoin/fonts/fontawesome-webfontba72.svg]
[abdulmateen.net/bitcoin/images/prettyPhoto/default/sprite_next.png]
[abdulmateen.net/bitcoin/images/prettyPhoto/default/sprite_prev.png]
[abdulmateen.net/bitcoin/images/prettyPhoto/default/default_thumb.png]
[abdulmateen.net/bitcoin/images/prettyPhoto/default/loader.gif]
[abdulmateen.net/bitcoin/images/prettyPhoto/light_rounded/sprite.png]
[abdulmateen.net/bitcoin/images/prettyPhoto/light_rounded/btnNext.png]
[abdulmateen.net/bitcoin/images/prettyPhoto/light_rounded/btnPrevious.png]
[abdulmateen.net/bitcoin/images/prettyPhoto/dark_rounded/sprite.png]
[abdulmateen.net/bitcoin/images/prettyPhoto/dark_rounded/contentPattern.png]
[abdulmateen.net/bitcoin/images/prettyPhoto/dark_rounded/btnNext.png]
[abdulmateen.net/bitcoin/images/prettyPhoto/dark_rounded/btnPrevious.png]
[abdulmateen.net/bitcoin/images/prettyPhoto/dark_rounded/loader.gif]
[abdulmateen.net/bitcoin/images/prettyPhoto/dark_square/loader.gif]
[abdulmateen.net/bitcoin/images/prettyPhoto/dark_square/sprite.png]
[abdulmateen.net/bitcoin/images/prettyPhoto/dark_square/btnNext.png]
[abdulmateen.net/bitcoin/images/prettyPhoto/dark_square/btnPrevious.png]
[abdulmateen.net/bitcoin/images/prettyPhoto/light_square/sprite.png]
[abdulmateen.net/bitcoin/images/prettyPhoto/light_square/btnNext.png]
[abdulmateen.net/bitcoin/images/prettyPhoto/light_square/btnPrevious.png]
[abdulmateen.net/bitcoin/images/prettyPhoto/facebook/sprite.png]
[abdulmateen.net/bitcoin/images/prettyPhoto/facebook/contentPatternTop.png]
[abdulmateen.net/bitcoin/images/prettyPhoto/facebook/contentPatternLeft.png]
[abdulmateen.net/bitcoin/images/prettyPhoto/facebook/contentPatternRight.png]
[abdulmateen.net/bitcoin/images/prettyPhoto/facebook/loader.gif]
[abdulmateen.net/bitcoin/images/prettyPhoto/facebook/btnNext.png]
[abdulmateen.net/bitcoin/images/prettyPhoto/facebook/btnPrevious.png]
[abdulmateen.net/bitcoin/images/prettyPhoto/facebook/contentPatternBottom.png]
[abdulmateen.net/bitcoin/images/prettyPhoto/facebook/default_thumbnail.gif]
[abdulmateen.net/bitcoin/images/prettyPhoto/light_rounded/loader.gif]
[abdulmateen.net/bitcoin/css/prettyPhoto.css]
[netdna.bootstrapcdn.com/font-awesome/4.0.3/css/font-awesome.min.css]
[abdulmateen.net/bitcoin/images/partners/partner_bg.png]
[abdulmateen.net/bitcoin/images/contact.png]
[abdulmateen.net/bitcoin/images/image_bg.png]
[abdulmateen.net/bitcoin/images/map.jpg]
[abdulmateen.net/bitcoin/images/search_icon.png]
[abdulmateen.net/bitcoin/images/trend/bg.jpg]
[abdulmateen.net/bitcoin/images/testimonial/bg.jpg]
[abdulmateen.net/bitcoin/images/shipping/bg.jpg]
[abdulmateen.net/bitcoin/images/brands/bg.jpg]
[abdulmateen.net/bitcoin/images/newsletter/bg.jpg]
[abdulmateen.net/bitcoin/images/shop/bg-t.jpg]
[abdulmateen.net/bitcoin/css/main.css]
[abdulmateen.net/bitcoin/css/responsive.css]
[abdulmateen.net/bitcoin/index-2.html]
[abdulmateen.net/bitcoin/risers.html]
[abdulmateen.net/bitcoin/images/shop/01.jpg]
[abdulmateen.net/bitcoin/images/shop/02.jpg]
[abdulmateen.net/bitcoin/images/shop/03.jpg]
[abdulmateen.net/bitcoin/images/shop/04.jpg]
[abdulmateen.net/bitcoin/images/shop/05.jpg]
[abdulmateen.net/bitcoin/shop.html]
[abdulmateen.net/bitcoin/about-us.html]
[abdulmateen.net/bitcoin/contact-us.html]
[abdulmateen.net/bitcoin/js/jquery.js]
[abdulmateen.net/bitcoin/Popover requires tooltip.js]
[abdulmateen.net/bitcoin/js/bootstrap.min.js]
[abdulmateen.net/bitcoin/js/jquery.prettyPhoto.js]
[abdulmateen.net/bitcoin/js/jquery.isotope.min.js]
[abdulmateen.net/bitcoin/js/main.js]
[abdulmateen.net/bitcoin/js/wow.min.js]
[abdulmateen.net/portfolio-item/manipulation-banana-vs-carrot/feed/index.html]
[abdulmateen.net/index65d2.html]
[abdulmateen.net/portfolio-item/manipulation-banana-vs-carrot/OneSignalSDKUpdaterWorker.js.html]
[abdulmateen.net/portfolio-item/manipulation-banana-vs-carrot/OneSignalSDKWorker.js.html]
[abdulmateen.net/portfolio-item/phtotgraphy/feed/index.html]
[abdulmateen.net/index4837.html]
[abdulmateen.net/portfolio-item/phtotgraphy/OneSignalSDKUpdaterWorker.js.html]
[abdulmateen.net/portfolio-item/phtotgraphy/OneSignalSDKWorker.js.html]
[abdulmateen.net/portfolio-item/theepresence-flayer/feed/index.html]
[abdulmateen.net/index9a88.html]
[abdulmateen.net/portfolio-item/theepresence-flayer/OneSignalSDKUpdaterWorker.js.html]
[abdulmateen.net/portfolio-item/theepresence-flayer/OneSignalSDKWorker.js.html]
[abdulmateen.net/portfolio-item/kutab-khanah/feed/index.html]
[abdulmateen.net/indexc7e3.html]
[abdulmateen.net/portfolio-item/kutab-khanah/OneSignalSDKUpdaterWorker.js.html]
[abdulmateen.net/portfolio-item/kutab-khanah/OneSignalSDKWorker.js.html]
[abdulmateen.net/portfolio-item/black-bull-rc/feed/index.html]
[abdulmateen.net/index86fa.html]
[abdulmateen.net/portfolio-item/black-bull-rc/OneSignalSDKUpdaterWorker.js.html]
[abdulmateen.net/portfolio-item/black-bull-rc/OneSignalSDKWorker.js.html]
[abdulmateen.net/portfolio-item/blossom-artist/feed/index.html]
[abdulmateen.net/indexfbd5.html]
[abdulmateen.net/portfolio-item/blossom-artist/OneSignalSDKUpdaterWorker.js.html]
[abdulmateen.net/portfolio-item/blossom-artist/OneSignalSDKWorker.js.html]
[abdulmateen.net/portfolio-item/columbia-hospice-care/feed/index.html]
[abdulmateen.net/indexee5b.html]
[abdulmateen.net/portfolio-item/columbia-hospice-care/OneSignalSDKUpdaterWorker.js.html]
[abdulmateen.net/portfolio-item/columbia-hospice-care/OneSignalSDKWorker.js.html]
[abdulmateen.net/portfolio-item/logo-folio-2016-2017-abdul-mateen/feed/index.html]
[abdulmateen.net/indexf45e.html]
[abdulmateen.net/portfolio-item/logo-folio-2016-2017-abdul-mateen/OneSignalSDKUpdaterWorker.js.html]
[abdulmateen.net/portfolio-item/logo-folio-2016-2017-abdul-mateen/OneSignalSDKWorker.js.html]
[abdulmateen.net/portfolio-item/theepresence/feed/index.html]
[abdulmateen.net/index287b.html]
[abdulmateen.net/portfolio-item/theepresence/OneSignalSDKUpdaterWorker.js.html]
[abdulmateen.net/portfolio-item/theepresence/OneSignalSDKWorker.js.html]
[abdulmateen.net/portfolio-item/qazi-driving-school/feed/index.html]
[abdulmateen.net/index6213.html]
[abdulmateen.net/portfolio-item/qazi-driving-school/OneSignalSDKUpdaterWorker.js.html]
[abdulmateen.net/portfolio-item/qazi-driving-school/OneSignalSDKWorker.js.html]
[abdulmateen.net/portfolio-item/renewable-resources/feed/index.html]
[abdulmateen.net/index5cfa.html]
[abdulmateen.net/portfolio-item/renewable-resources/OneSignalSDKUpdaterWorker.js.html]
[abdulmateen.net/portfolio-item/renewable-resources/OneSignalSDKWorker.js.html]
[abdulmateen.net/indexec4a.html]
[abdulmateen.net/renewableresources/OneSignalSDKUpdaterWorker.js.html]
[abdulmateen.net/renewableresources/OneSignalSDKWorker.js.html]
[abdulmateen.net/portfolio-item/hook-strawberry/feed/index.html]
[abdulmateen.net/indexb190.html]
[abdulmateen.net/portfolio-item/hook-strawberry/OneSignalSDKUpdaterWorker.js.html]
[abdulmateen.net/portfolio-item/hook-strawberry/OneSignalSDKWorker.js.html]
[abdulmateen.net/portfolio-item/pink-ribon/feed/index.html]
[abdulmateen.net/indexc5eb.html]
[abdulmateen.net/portfolio-item/pink-ribon/OneSignalSDKUpdaterWorker.js.html]
[abdulmateen.net/portfolio-item/pink-ribon/OneSignalSDKWorker.js.html]
[abdulmateen.net/portfolio-item/peerlogics/feed/index.html]
[abdulmateen.net/indexea0f.html]
[abdulmateen.net/portfolio-item/peerlogics/OneSignalSDKUpdaterWorker.js.html]
[abdulmateen.net/portfolio-item/peerlogics/OneSignalSDKWorker.js.html]
[abdulmateen.net/portfolio-item/opioidology/feed/index.html]
[abdulmateen.net/index0a10.html]
[abdulmateen.net/portfolio-item/opioidology/OneSignalSDKUpdaterWorker.js.html]
[abdulmateen.net/portfolio-item/opioidology/OneSignalSDKWorker.js.html]
[abdulmateen.net/portfolio-item/bus-illustration/feed/index.html]
[abdulmateen.net/indexdb4e.html]
[abdulmateen.net/portfolio-item/bus-illustration/OneSignalSDKUpdaterWorker.js.html]
[abdulmateen.net/portfolio-item/bus-illustration/OneSignalSDKWorker.js.html]
[abdulmateen.net/portfolio-item/technical-khan-ji/feed/index.html]
[abdulmateen.net/index2c90.html]
[abdulmateen.net/portfolio-item/technical-khan-ji/OneSignalSDKUpdaterWorker.js.html]
[abdulmateen.net/portfolio-item/technical-khan-ji/OneSignalSDKWorker.js.html]
[abdulmateen.net/portfolio-item/bikini/feed/index.html]
[abdulmateen.net/indexdb84.html]
[abdulmateen.net/portfolio-item/bikini/OneSignalSDKUpdaterWorker.js.html]
[abdulmateen.net/portfolio-item/bikini/OneSignalSDKWorker.js.html]
[abdulmateen.net/portfolio-item/14-august-pakistan/feed/index.html]
[abdulmateen.net/index9751.html]
[abdulmateen.net/portfolio-item/14-august-pakistan/OneSignalSDKUpdaterWorker.js.html]
[abdulmateen.net/portfolio-item/14-august-pakistan/OneSignalSDKWorker.js.html]
[abdulmateen.net/portfolio-item/islamabad-psychological-center/feed/index.html]
[abdulmateen.net/indexa36b.html]
[abdulmateen.net/portfolio-item/islamabad-psychological-center/OneSignalSDKUpdaterWorker.js.html]
[abdulmateen.net/portfolio-item/islamabad-psychological-center/OneSignalSDKWorker.js.html]
[abdulmateen.net/portfolio-item/lorem-ipsum/feed/index.html]
[abdulmateen.net/indexe539.html]
[abdulmateen.net/portfolio-item/lorem-ipsum/OneSignalSDKUpdaterWorker.js.html]
[abdulmateen.net/portfolio-item/lorem-ipsum/OneSignalSDKWorker.js.html]
[abdulmateen.net/portfolio-item/code-roid/feed/index.html]
[abdulmateen.net/index87e6.html]
[abdulmateen.net/portfolio-item/code-roid/OneSignalSDKUpdaterWorker.js.html]
[abdulmateen.net/portfolio-item/code-roid/OneSignalSDKWorker.js.html]
[abdulmateen.net/portfolio-item/lorem-ipsum-2/feed/index.html]
[abdulmateen.net/indexd1a7.html]
[abdulmateen.net/portfolio-item/lorem-ipsum-2/OneSignalSDKUpdaterWorker.js.html]
[abdulmateen.net/portfolio-item/lorem-ipsum-2/OneSignalSDKWorker.js.html]
[abdulmateen.net/portfolio-item/nwih-logo/feed/index.html]
[abdulmateen.net/index8af0.html]
[abdulmateen.net/portfolio-item/nwih-logo/OneSignalSDKUpdaterWorker.js.html]
[abdulmateen.net/portfolio-item/nwih-logo/OneSignalSDKWorker.js.html]
[abdulmateen.net/portfolio-item/nwih/feed/index.html]
[abdulmateen.net/index9c2b.html]
[abdulmateen.net/portfolio-item/nwih/OneSignalSDKUpdaterWorker.js.html]
[abdulmateen.net/portfolio-item/nwih/OneSignalSDKWorker.js.html]
[abdulmateen.net/portfolio-item/booking-diary/feed/index.html]
[abdulmateen.net/index4034.html]
[abdulmateen.net/portfolio-item/booking-diary/OneSignalSDKUpdaterWorker.js.html]
[abdulmateen.net/portfolio-item/booking-diary/OneSignalSDKWorker.js.html]
[abdulmateen.net/portfolio-item/rent-hour-house/feed/index.html]
[abdulmateen.net/index8e01.html]
[abdulmateen.net/portfolio-item/rent-hour-house/OneSignalSDKUpdaterWorker.js.html]
[abdulmateen.net/portfolio-item/rent-hour-house/OneSignalSDKWorker.js.html]
[abdulmateen.net/portfolio-item/calculator/feed/index.html]
[abdulmateen.net/indexada0.html]
[abdulmateen.net/portfolio-item/calculator/OneSignalSDKUpdaterWorker.js.html]
[abdulmateen.net/portfolio-item/calculator/OneSignalSDKWorker.js.html]
[platform.twitter.com/widgets.js]
[abdulmateen.net/wp-content/themes/betheme/js/menuf7b6.js]
[abdulmateen.net/wp-content/plugins/onesignal-free-web-push-notifications/sdk_files/indexd4cd.html]
[abdulmateen.net/wp-content/plugins/onesignal-free-web-push-notifications/sdk_files/index7dc1.html]
[abdulmateen.net/wp-content/plugins/onesignal-free-web-push-notifications/sdk_files/index38f9.html]
[abdulmateen.net/wp-content/plugins/onesignal-free-web-push-notifications/index2a60.html]
[abdulmateen.net/wp-content/plugins/onesignal-free-web-push-notifications/index3dd6.html]
[abdulmateen.net/wp-content/plugins/onesignal-free-web-push-notifications/sdk_files/index350b.html]
[abdulmateen.net/wp-content/plugins/onesignal-free-web-push-notifications/index0389.html]
[abdulmateen.net/wp-content/plugins/onesignal-free-web-push-notifications/index9a11.html]
[abdulmateen.net/wp-content/plugins/index.html]
[abdulmateen.net/wp-content/plugins/onesignal-free-web-push-notifications/indexd4cd.html]
[abdulmateen.net/wp-content/plugins/onesignal-free-web-push-notifications/index7dc1.html]
[abdulmateen.net/wp-content/plugins/onesignal-free-web-push-notifications/views/index.html]
[abdulmateen.net/wp-content/plugins/onesignal-free-web-push-notifications/onesignal-admin.html]
[abdulmateen.net/_autoindex/icons/folder.png]
[abdulmateen.net/wp-content/plugins/onesignal-free-web-push-notifications/views/css/index.html]
[abdulmateen.net/wp-content/plugins/onesignal-free-web-push-notifications/onesignal-public.html]
[abdulmateen.net/wp-content/plugins/onesignal-free-web-push-notifications/views/index2a60.html]
[abdulmateen.net/wp-content/plugins/onesignal-free-web-push-notifications/views/index3dd6.html]
[abdulmateen.net/wp-content/plugins/onesignal-free-web-push-notifications/views/index0389.html]
[abdulmateen.net/wp-content/plugins/onesignal-free-web-push-notifications/onesignal-settings.html]
[abdulmateen.net/wp-content/plugins/onesignal-free-web-push-notifications/onesignal-utils.html]
[abdulmateen.net/wp-content/plugins/onesignal-free-web-push-notifications/onesignal-widget.html]
[abdulmateen.net/wp-content/plugins/onesignal-free-web-push-notifications/onesignal.html]
[abdulmateen.net/author/images/stripes/stripes_3_b.html]
[abdulmateen.net/author/abdulmateen/OneSignalSDKUpdaterWorker.js.html]
[abdulmateen.net/author/abdulmateen/OneSignalSDKWorker.js.html]
[abdulmateen.net/bitcoin/fonts/glyphicons-halflings-regular.svg]
[abdulmateen.net/bitcoin/fonts/fontawesome-webfontba72.svg]
[netdna.bootstrapcdn.com/font-awesome/4.0.3/css/font-awesome.min.css]
[abdulmateen.net/bitcoin/images/contact.html]
[abdulmateen.net/bitcoin/images/image_bg.html]
[abdulmateen.net/bitcoin/images/map.html]
[abdulmateen.net/bitcoin/images/search_icon.html]
[abdulmateen.net/bitcoin/images/trend/bg.html]
[abdulmateen.net/bitcoin/images/testimonial/bg.html]
[abdulmateen.net/bitcoin/images/shipping/bg.html]
[abdulmateen.net/bitcoin/images/brands/bg.html]
[abdulmateen.net/bitcoin/images/newsletter/bg.html]
[abdulmateen.net/wp-content/plugins/onesignal-free-web-push-notifications/views/images/index.html]
[abdulmateen.net/bitcoin/images/shop/risers/02.jpg]
[abdulmateen.net/bitcoin/images/shop/risers/03.jpg]
[abdulmateen.net/bitcoin/images/shop/risers/04.jpg]
[abdulmateen.net/bitcoin/images/shop/risers/05.jpg]
[abdulmateen.net/bitcoin/images/shop/risers/06.jpg]
[abdulmateen.net/bitcoin/images/shop/risers/07.jpg]
[abdulmateen.net/bitcoin/images/shop/risers/08.jpg]
[abdulmateen.net/bitcoin/images/shop/risers/09.jpg]
[abdulmateen.net/bitcoin/risers.html]
[abdulmateen.net/bitcoin/Popover requires tooltip.html]
[abdulmateen.net/wp-json/oembed/1.0/embed47cb]
[abdulmateen.net/wp-json/oembed/1.0/embed065a]
[abdulmateen.net/wp-content/plugins/onesignal-free-web-push-notifications/sdk_files/index350b.html]
[abdulmateen.net/wp-content/plugins/onesignal-free-web-push-notifications/index9a11.html]
[abdulmateen.net/wp-content/plugins/onesignal-free-web-push-notifications/indexd4cd.html]
[abdulmateen.net/wp-content/plugins/onesignal-free-web-push-notifications/index7dc1.html]
[abdulmateen.net/bitcoin/youtu.be/index.html]
[abdulmateen.net/wp-content/plugins/onesignal-free-web-push-notifications/views/index2a60.html]
[abdulmateen.net/wp-content/plugins/onesignal-free-web-push-notifications/index350b.html]
[abdulmateen.net/wp-content/plugins/onesignal-free-web-push-notifications/views/index3dd6.html]
[abdulmateen.net/wp-content/plugins/onesignal-free-web-push-notifications/views/index9a11.html]
[abdulmateen.net/wp-content/plugins/onesignal-free-web-push-notifications/index38f9.html]
[abdulmateen.net/wp-content/plugins/onesignal-free-web-push-notifications/views/indexd4cd.html]
[abdulmateen.net/wp-content/plugins/onesignal-free-web-push-notifications/views/index0389.html]
[abdulmateen.net/wp-content/plugins/onesignal-free-web-push-notifications/views/css/lusitana.css]
[abdulmateen.net/wp-content/plugins/onesignal-free-web-push-notifications/views/css/index9a11.html]
[abdulmateen.net/wp-content/plugins/onesignal-free-web-push-notifications/views/css/index3dd6.html]
[abdulmateen.net/wp-content/plugins/onesignal-free-web-push-notifications/views/css/index0389.html]
[abdulmateen.net/wp-content/plugins/onesignal-free-web-push-notifications/views/css/index2a60.html]
[abdulmateen.net/wp-content/plugins/onesignal-free-web-push-notifications/views/css/lusitana/index.html]
[abdulmateen.net/wp-content/plugins/onesignal-free-web-push-notifications/views/css/onesignal-menu-styles.css]
[abdulmateen.net/wp-content/plugins/onesignal-free-web-push-notifications/views/css/onesignal-font/index.html]
[abdulmateen.net/wp-content/plugins/onesignal-free-web-push-notifications/views/css/site.css]
[abdulmateen.net/_autoindex/icons/unknown.png]
[abdulmateen.net/wp-content/plugins/onesignal-free-web-push-notifications/views/css/semantic-ui.css]
[abdulmateen.net/wp-content/plugins/onesignal-free-web-push-notifications/views/css/site.css.map]
[abdulmateen.net/wp-content/plugins/onesignal-free-web-push-notifications/views/css/index.html]
[abdulmateen.net/_autoindex/icons/image.png]
[abdulmateen.net/wp-content/plugins/onesignal-free-web-push-notifications/views/fonts/index.html]
[abdulmateen.net/wp-content/plugins/onesignal-free-web-push-notifications/views/images/index9a11.html]
[abdulmateen.net/wp-content/plugins/onesignal-free-web-push-notifications/views/images/SampleNotification.png]
[abdulmateen.net/wp-content/plugins/onesignal-free-web-push-notifications/views/images/index2a60.html]
[abdulmateen.net/wp-content/plugins/onesignal-free-web-push-notifications/views/images/index3dd6.html]
[abdulmateen.net/wp-content/plugins/onesignal-free-web-push-notifications/views/images/index0389.html]
[abdulmateen.net/wp-content/plugins/onesignal-free-web-push-notifications/views/images/settings/index.html]
[abdulmateen.net/wp-content/plugins/onesignal-free-web-push-notifications/views/images/bell-prenotify.jpg]
[abdulmateen.net/wp-content/plugins/onesignal-free-web-push-notifications/views/images/bell.jpg]
[abdulmateen.net/wp-content/plugins/onesignal-free-web-push-notifications/views/images/menu_icon.png]
[abdulmateen.net/wp-content/plugins/onesignal-free-web-push-notifications/views/images/index.html]
[abdulmateen.net/bitcoin/images/prettyPhoto/default/sprite.png]
[abdulmateen.net/bitcoin/youtu.be/index.html]
[abdulmateen.net/wp-content/plugins/onesignal-free-web-push-notifications/index38f9.html]
[abdulmateen.net/wp-content/plugins/onesignal-free-web-push-notifications/index350b.html]
[abdulmateen.net/wp-content/plugins/onesignal-free-web-push-notifications/views/index9a11.html]
[abdulmateen.net/wp-content/plugins/onesignal-free-web-push-notifications/views/indexd4cd.html]
[abdulmateen.net/bitcoin/images/shop/risers/01.jpg]
[abdulmateen.net/wp-content/plugins/onesignal-free-web-push-notifications/views/javascript/index.html]
[abdulmateen.net/wp-content/plugins/onesignal-free-web-push-notifications/views/config.php]
[abdulmateen.net/wp-content/plugins/onesignal-free-web-push-notifications/views/css/index9a11.html]
[abdulmateen.net/wp-content/plugins/onesignal-free-web-push-notifications/views/css/index2a60.html]
[abdulmateen.net/wp-content/plugins/onesignal-free-web-push-notifications/views/index7dc1.html]
[abdulmateen.net/wp-content/plugins/onesignal-free-web-push-notifications/views/css/index3dd6.html]
[abdulmateen.net/wp-content/plugins/onesignal-free-web-push-notifications/views/css/index0389.html]
[abdulmateen.net/wp-content/plugins/onesignal-free-web-push-notifications/views/index38f9.html]
[abdulmateen.net/wp-content/plugins/onesignal-free-web-push-notifications/views/css/index7dc1.html]
[abdulmateen.net/wp-content/plugins/onesignal-free-web-push-notifications/views/css/lusitana/index9a11.html]
[abdulmateen.net/wp-content/plugins/onesignal-free-web-push-notifications/views/css/index350b.html]
[abdulmateen.net/wp-content/plugins/onesignal-free-web-push-notifications/views/css/lusitana/index2a60.html]
[abdulmateen.net/wp-content/plugins/onesignal-free-web-push-notifications/views/css/lusitana/Lusitana-Bold-OTF.ttf]
[abdulmateen.net/wp-content/plugins/onesignal-free-web-push-notifications/views/css/lusitana/index3dd6.html]
[abdulmateen.net/wp-content/plugins/onesignal-free-web-push-notifications/views/css/lusitana/Lusitana-BoldItalic-OTF.ttf]
[abdulmateen.net/wp-content/plugins/onesignal-free-web-push-notifications/views/css/lusitana/index0389.html]
[abdulmateen.net/wp-content/plugins/onesignal-free-web-push-notifications/views/css/lusitana/Lusitana-Italic-OTF.ttf]
[abdulmateen.net/wp-content/plugins/onesignal-free-web-push-notifications/views/css/lusitana/Lusitana-Regular-OTF.ttf]
[abdulmateen.net/wp-content/plugins/onesignal-free-web-push-notifications/views/css/lusitana/index.html]
[abdulmateen.net/wp-content/plugins/onesignal-free-web-push-notifications/views/css/onesignal-font/OneSignal.eot]
[abdulmateen.net/wp-content/plugins/onesignal-free-web-push-notifications/views/css/onesignal-font/index9a11.html]
[abdulmateen.net/wp-content/plugins/onesignal-free-web-push-notifications/views/css/onesignal-font/OneSignal.svg]
[abdulmateen.net/wp-content/plugins/onesignal-free-web-push-notifications/views/css/onesignal-font/index2a60.html]
[abdulmateen.net/wp-content/plugins/onesignal-free-web-push-notifications/views/css/onesignal-font/index3dd6.html]
[abdulmateen.net/wp-content/plugins/onesignal-free-web-push-notifications/views/css/onesignal-font/OneSignal.ttf]
[abdulmateen.net/wp-content/plugins/onesignal-free-web-push-notifications/views/css/onesignal-font/index0389.html]
[abdulmateen.net/wp-content/plugins/onesignal-free-web-push-notifications/views/css/onesignal-font/OneSignal.woff]
[abdulmateen.net/wp-content/plugins/onesignal-free-web-push-notifications/views/css/onesignal-font/index.html]
[abdulmateen.net/wp-content/plugins/onesignal-free-web-push-notifications/views/css/lusitana.css]
[abdulmateen.net/wp-content/plugins/onesignal-free-web-push-notifications/views/css/onesignal-font/OneSignald41d.eot]
[abdulmateen.net/wp-content/plugins/onesignal-free-web-push-notifications/views/css/onesignal-menu-styles.css]
[abdulmateen.net/wp-content/plugins/onesignal-free-web-push-notifications/views/css/icons.css]
[abdulmateen.net/wp-content/plugins/onesignal-free-web-push-notifications/views/css/semantic-ui/flags.png]
[abdulmateen.net/wp-content/plugins/onesignal-free-web-push-notifications/views/css/semantic-ui/icons.eot]
[abdulmateen.net/wp-content/plugins/onesignal-free-web-push-notifications/views/css/semantic-ui/iconsd41d.eot]
[abdulmateen.net/wp-content/plugins/onesignal-free-web-push-notifications/views/css/semantic-ui/icons.woff2]
[abdulmateen.net/wp-content/plugins/onesignal-free-web-push-notifications/views/css/semantic-ui/icons.woff]
[abdulmateen.net/wp-content/plugins/onesignal-free-web-push-notifications/views/css/semantic-ui/icons.ttf]
[abdulmateen.net/wp-content/plugins/onesignal-free-web-push-notifications/views/css/semantic-ui/icons.svg]
[abdulmateen.net/wp-content/plugins/onesignal-free-web-push-notifications/views/css/semantic-ui.css]
[abdulmateen.net/wp-content/plugins/onesignal-free-web-push-notifications/views/css/site.css]
[abdulmateen.net/wp-content/plugins/onesignal-free-web-push-notifications/views/fonts/index.html]
[abdulmateen.net/wp-content/plugins/onesignal-free-web-push-notifications/views/fonts/index2a60.html]
[abdulmateen.net/wp-content/plugins/onesignal-free-web-push-notifications/views/images/index9a11.html]
[abdulmateen.net/wp-content/plugins/onesignal-free-web-push-notifications/views/fonts/index9a11.html]
[abdulmateen.net/wp-content/plugins/onesignal-free-web-push-notifications/views/fonts/index3dd6.html]
[abdulmateen.net/wp-content/plugins/onesignal-free-web-push-notifications/views/fonts/index0389.html]
[abdulmateen.net/wp-content/plugins/onesignal-free-web-push-notifications/views/images/index2a60.html]
[abdulmateen.net/wp-content/plugins/onesignal-free-web-push-notifications/views/images/index3dd6.html]
[abdulmateen.net/wp-content/plugins/onesignal-free-web-push-notifications/views/images/index0389.html]
[abdulmateen.net/wp-content/plugins/onesignal-free-web-push-notifications/views/images/indexd4cd.html]
[abdulmateen.net/wp-content/plugins/onesignal-free-web-push-notifications/views/images/settings/SafariRequiredSettings.png]
[abdulmateen.net/wp-content/plugins/onesignal-free-web-push-notifications/views/images/settings/index2a60.html]
[abdulmateen.net/wp-content/plugins/onesignal-free-web-push-notifications/views/images/settings/index3dd6.html]
[abdulmateen.net/wp-content/plugins/onesignal-free-web-push-notifications/views/images/settings/index9a11.html]
[abdulmateen.net/wp-content/plugins/onesignal-free-web-push-notifications/views/images/settings/SafariWebId.png]
[abdulmateen.net/wp-content/plugins/onesignal-free-web-push-notifications/views/images/settings/index0389.html]
[abdulmateen.net/wp-content/plugins/onesignal-free-web-push-notifications/views/images/settings/SampleNotification.png]
[abdulmateen.net/wp-content/plugins/onesignal-free-web-push-notifications/views/images/settings/app_id-1.jpg]
[abdulmateen.net/wp-content/plugins/onesignal-free-web-push-notifications/views/images/settings/chrome-http.jpg]
[abdulmateen.net/wp-content/plugins/onesignal-free-web-push-notifications/views/images/settings/chrome-https.jpg]
[abdulmateen.net/wp-content/plugins/onesignal-free-web-push-notifications/views/images/settings/chrome-push.jpg]
[abdulmateen.net/wp-content/plugins/onesignal-free-web-push-notifications/views/images/settings/chrome-push.png]
[abdulmateen.net/wp-content/plugins/onesignal-free-web-push-notifications/views/images/settings/create-1.jpg]
[abdulmateen.net/wp-content/plugins/onesignal-free-web-push-notifications/views/images/settings/create-10.jpg]
[abdulmateen.net/wp-content/plugins/onesignal-free-web-push-notifications/views/images/settings/create-2.jpg]
[abdulmateen.net/wp-content/plugins/onesignal-free-web-push-notifications/views/images/settings/create-3.jpg]
[abdulmateen.net/wp-content/plugins/onesignal-free-web-push-notifications/views/images/settings/create-4.jpg]
[abdulmateen.net/wp-content/plugins/onesignal-free-web-push-notifications/views/images/settings/create-5.jpg]
[abdulmateen.net/wp-content/plugins/onesignal-free-web-push-notifications/views/images/settings/create-6.jpg]
[abdulmateen.net/wp-content/plugins/onesignal-free-web-push-notifications/views/images/settings/create-7a.jpg]
[abdulmateen.net/wp-content/plugins/onesignal-free-web-push-notifications/views/images/settings/create-7b.jpg]
[abdulmateen.net/wp-content/plugins/onesignal-free-web-push-notifications/views/images/settings/create-8.jpg]
[abdulmateen.net/wp-content/plugins/onesignal-free-web-push-notifications/views/images/settings/create-9.jpg]
[abdulmateen.net/wp-content/plugins/onesignal-free-web-push-notifications/views/images/settings/firefox-1.jpg]
[abdulmateen.net/wp-content/plugins/onesignal-free-web-push-notifications/views/images/settings/firefox-http.jpg]
[abdulmateen.net/wp-content/plugins/onesignal-free-web-push-notifications/views/images/settings/firefox-https.jpg]
[abdulmateen.net/wp-content/plugins/onesignal-free-web-push-notifications/views/images/settings/firefox-push.jpg]
[abdulmateen.net/wp-content/plugins/onesignal-free-web-push-notifications/views/images/settings/firefox-push.png]
[abdulmateen.net/wp-content/plugins/onesignal-free-web-push-notifications/views/images/settings/gcm-1-2.jpg]
[abdulmateen.net/wp-content/plugins/onesignal-free-web-push-notifications/views/images/settings/gcm-1.jpg]
[abdulmateen.net/wp-content/plugins/onesignal-free-web-push-notifications/views/images/settings/gcm-10.jpg]
[abdulmateen.net/wp-content/plugins/onesignal-free-web-push-notifications/views/images/settings/gcm-11.jpg]
[abdulmateen.net/wp-content/plugins/onesignal-free-web-push-notifications/views/images/settings/gcm-12.jpg]
[abdulmateen.net/wp-content/plugins/onesignal-free-web-push-notifications/views/images/settings/gcm-2.jpg]
[abdulmateen.net/wp-content/plugins/onesignal-free-web-push-notifications/views/images/settings/gcm-3-1.jpg]
[abdulmateen.net/wp-content/plugins/onesignal-free-web-push-notifications/views/images/settings/gcm-3.jpg]
[abdulmateen.net/wp-content/plugins/onesignal-free-web-push-notifications/views/images/settings/gcm-4.jpg]
[abdulmateen.net/wp-content/plugins/onesignal-free-web-push-notifications/views/images/settings/gcm-5.jpg]
[abdulmateen.net/wp-content/plugins/onesignal-free-web-push-notifications/views/images/settings/gcm-6.jpg]
[abdulmateen.net/wp-content/plugins/onesignal-free-web-push-notifications/views/images/settings/gcm-7.jpg]
[abdulmateen.net/wp-content/plugins/onesignal-free-web-push-notifications/views/images/settings/gcm-8.jpg]
[abdulmateen.net/wp-content/plugins/onesignal-free-web-push-notifications/views/images/settings/gcm-9.jpg]
[abdulmateen.net/wp-content/plugins/onesignal-free-web-push-notifications/views/images/settings/http-permission-request-post-modal.png]
[abdulmateen.net/wp-content/plugins/onesignal-free-web-push-notifications/views/images/settings/http-prompt.jpg]
[abdulmateen.net/wp-content/plugins/onesignal-free-web-push-notifications/views/images/settings/http-prompt.png]
[abdulmateen.net/wp-content/plugins/onesignal-free-web-push-notifications/views/images/settings/https-prompt.png]
[abdulmateen.net/wp-content/plugins/onesignal-free-web-push-notifications/views/images/settings/https-url.png]
[abdulmateen.net/wp-content/plugins/onesignal-free-web-push-notifications/views/images/settings/keys-1.jpg]
[abdulmateen.net/wp-content/plugins/onesignal-free-web-push-notifications/views/images/settings/keys-2.jpg]
[abdulmateen.net/wp-content/plugins/onesignal-free-web-push-notifications/views/images/settings/keys-2b.jpg]
[abdulmateen.net/wp-content/plugins/onesignal-free-web-push-notifications/views/images/settings/keys-2c.jpg]
[abdulmateen.net/wp-content/plugins/onesignal-free-web-push-notifications/views/images/settings/keys-3.jpg]
[abdulmateen.net/wp-content/plugins/onesignal-free-web-push-notifications/views/images/settings/nb-unsubscribe.png]
[abdulmateen.net/wp-content/plugins/onesignal-free-web-push-notifications/views/images/settings/notify-button.jpg]
[abdulmateen.net/wp-content/plugins/onesignal-free-web-push-notifications/views/images/settings/safari-1.jpg]
[abdulmateen.net/wp-content/plugins/onesignal-free-web-push-notifications/views/images/settings/safari-2.jpg]
[abdulmateen.net/wp-content/plugins/onesignal-free-web-push-notifications/views/images/settings/safari-3.jpg]
[abdulmateen.net/wp-content/plugins/onesignal-free-web-push-notifications/views/images/settings/safari-4.jpg]
[abdulmateen.net/wp-content/plugins/onesignal-free-web-push-notifications/views/images/settings/safari-https.jpg]
[abdulmateen.net/wp-content/plugins/onesignal-free-web-push-notifications/views/images/settings/safari-prompt.jpg]
[abdulmateen.net/wp-content/plugins/onesignal-free-web-push-notifications/views/images/settings/safari-push.jpg]
[abdulmateen.net/wp-content/plugins/onesignal-free-web-push-notifications/views/images/settings/safari-push.png]
[abdulmateen.net/wp-content/plugins/onesignal-free-web-push-notifications/views/images/settings/test.jpg]
[abdulmateen.net/wp-content/plugins/onesignal-free-web-push-notifications/views/images/settings/web-push.jpg]
[abdulmateen.net/wp-content/plugins/onesignal-free-web-push-notifications/views/images/settings/welcome-notification.jpg]
[abdulmateen.net/wp-content/plugins/onesignal-free-web-push-notifications/views/images/settings/widget.jpg]
[abdulmateen.net/wp-content/plugins/onesignal-free-web-push-notifications/views/images/settings/index.html]
[abdulmateen.net/wp-content/plugins/onesignal-free-web-push-notifications/views/javascript/jquery.cookie.js]
[abdulmateen.net/wp-content/plugins/onesignal-free-web-push-notifications/views/javascript/index9a11.html]
[abdulmateen.net/wp-content/plugins/onesignal-free-web-push-notifications/views/javascript/index2a60.html]
[abdulmateen.net/wp-content/plugins/onesignal-free-web-push-notifications/views/javascript/jquery.min.js]
[abdulmateen.net/wp-content/plugins/onesignal-free-web-push-notifications/views/javascript/index3dd6.html]
[abdulmateen.net/wp-content/plugins/onesignal-free-web-push-notifications/views/javascript/index0389.html]
[abdulmateen.net/wp-content/plugins/onesignal-free-web-push-notifications/views/javascript/site-admin.js]
[abdulmateen.net/wp-content/plugins/onesignal-free-web-push-notifications/views/javascript/index.html]
[abdulmateen.net/wp-content/plugins/onesignal-free-web-push-notifications/views/config.php]
[abdulmateen.net/wp-content/plugins/onesignal-free-web-push-notifications/views/index7dc1.html]
[abdulmateen.net/wp-content/plugins/onesignal-free-web-push-notifications/views/index38f9.html]
[abdulmateen.net/wp-content/plugins/onesignal-free-web-push-notifications/views/javascript/semantic-ui.js]
[abdulmateen.net/wp-content/plugins/onesignal-free-web-push-notifications/views/css/index7dc1.html]
[abdulmateen.net/wp-content/plugins/onesignal-free-web-push-notifications/views/css/index350b.html]
[abdulmateen.net/wp-content/plugins/onesignal-free-web-push-notifications/views/css/lusitana/index9a11.html]
[abdulmateen.net/wp-content/plugins/onesignal-free-web-push-notifications/views/css/indexd4cd.html]
[abdulmateen.net/wp-content/plugins/onesignal-free-web-push-notifications/views/index350b.html]
[abdulmateen.net/wp-content/plugins/onesignal-free-web-push-notifications/views/css/lusitana/index2a60.html]
[abdulmateen.net/wp-content/plugins/onesignal-free-web-push-notifications/views/css/lusitana/index3dd6.html]
[abdulmateen.net/wp-content/plugins/onesignal-free-web-push-notifications/views/css/lusitana/index0389.html]
[abdulmateen.net/wp-content/plugins/onesignal-free-web-push-notifications/views/css/onesignal-font/index9a11.html]
[abdulmateen.net/wp-content/plugins/onesignal-free-web-push-notifications/views/css/index38f9.html]
[abdulmateen.net/wp-content/plugins/onesignal-free-web-push-notifications/views/css/onesignal-font/index2a60.html]
[abdulmateen.net/wp-content/plugins/onesignal-free-web-push-notifications/views/css/onesignal-font/index3dd6.html]
[abdulmateen.net/wp-content/plugins/onesignal-free-web-push-notifications/views/css/lusitana/indexd4cd.html]
[abdulmateen.net/wp-content/plugins/onesignal-free-web-push-notifications/views/css/onesignal-font/index0389.html]
[abdulmateen.net/wp-content/plugins/onesignal-free-web-push-notifications/views/css/onesignal-font/OneSignal.svg]
[abdulmateen.net/wp-content/plugins/onesignal-free-web-push-notifications/views/css/onesignal-font/indexd4cd.html]
[abdulmateen.net/wp-content/plugins/onesignal-free-web-push-notifications/views/css/onesignal-font/index38f9.html]
[abdulmateen.net/wp-content/plugins/onesignal-free-web-push-notifications/views/css/lusitana/index350b.html]
[abdulmateen.net/wp-content/plugins/onesignal-free-web-push-notifications/views/fonts/semantic-ui/icons.eot]
[abdulmateen.net/wp-content/plugins/onesignal-free-web-push-notifications/views/fonts/semantic-ui/iconsd41d.eot]
[abdulmateen.net/wp-content/plugins/onesignal-free-web-push-notifications/views/fonts/semantic-ui/icons.woff2]
[abdulmateen.net/wp-content/plugins/onesignal-free-web-push-notifications/views/fonts/semantic-ui/icons.woff]
[abdulmateen.net/wp-content/plugins/onesignal-free-web-push-notifications/views/fonts/semantic-ui/icons.ttf]
[abdulmateen.net/wp-content/plugins/onesignal-free-web-push-notifications/views/css/icons.css]
[abdulmateen.net/wp-content/plugins/onesignal-free-web-push-notifications/views/css/semantic-ui/flags.html]
[abdulmateen.net/wp-content/plugins/onesignal-free-web-push-notifications/views/css/semantic-ui/icons.html]
[abdulmateen.net/wp-content/plugins/onesignal-free-web-push-notifications/views/css/semantic-ui/iconsd41d.html]
[abdulmateen.net/wp-content/plugins/onesignal-free-web-push-notifications/views/css/semantic-ui/icons-2.html]
[abdulmateen.net/wp-content/plugins/onesignal-free-web-push-notifications/views/css/semantic-ui/icons-3.html]
[abdulmateen.net/wp-content/plugins/onesignal-free-web-push-notifications/views/css/semantic-ui/icons-4.html]
[abdulmateen.net/wp-content/plugins/onesignal-free-web-push-notifications/views/css/semantic-ui/icons-5.html]
[abdulmateen.net/wp-content/plugins/onesignal-free-web-push-notifications/views/fonts/index9a11.html]
[abdulmateen.net/wp-content/plugins/onesignal-free-web-push-notifications/views/fonts/index2a60.html]
[abdulmateen.net/wp-content/plugins/onesignal-free-web-push-notifications/views/fonts/index3dd6.html]
[abdulmateen.net/wp-content/plugins/onesignal-free-web-push-notifications/views/fonts/semantic-ui/icons.svg]
[abdulmateen.net/wp-content/plugins/onesignal-free-web-push-notifications/views/fonts/index0389.html]
[abdulmateen.net/wp-content/plugins/onesignal-free-web-push-notifications/views/fonts/indexd4cd.html]
[abdulmateen.net/wp-content/plugins/onesignal-free-web-push-notifications/views/images/indexd4cd.html]
[abdulmateen.net/wp-content/plugins/onesignal-free-web-push-notifications/views/fonts/index7dc1.html]
[abdulmateen.net/wp-content/plugins/onesignal-free-web-push-notifications/views/fonts/index350b.html]
[abdulmateen.net/wp-content/plugins/onesignal-free-web-push-notifications/views/images/settings/index9a11.html]
[abdulmateen.net/wp-content/plugins/onesignal-free-web-push-notifications/views/fonts/index38f9.html]
[abdulmateen.net/wp-content/plugins/onesignal-free-web-push-notifications/views/images/settings/index2a60.html]
[abdulmateen.net/wp-content/plugins/onesignal-free-web-push-notifications/views/images/settings/index3dd6.html]
[abdulmateen.net/wp-content/plugins/onesignal-free-web-push-notifications/views/images/settings/index0389.html]
[abdulmateen.net/wp-content/plugins/onesignal-free-web-push-notifications/views/images/settings/index38f9.html]
[abdulmateen.net/wp-content/plugins/onesignal-free-web-push-notifications/views/javascript/index9a11.html]
[abdulmateen.net/wp-content/plugins/onesignal-free-web-push-notifications/views/images/settings/index350b.html]
[abdulmateen.net/wp-content/plugins/onesignal-free-web-push-notifications/views/javascript/index2a60.html]
[abdulmateen.net/wp-content/plugins/onesignal-free-web-push-notifications/views/images/index7dc1.html]
[abdulmateen.net/wp-content/plugins/onesignal-free-web-push-notifications/views/javascript/index3dd6.html]
[abdulmateen.net/wp-content/plugins/onesignal-free-web-push-notifications/views/javascript/index0389.html]
[abdulmateen.net/wp-content/plugins/onesignal-free-web-push-notifications/views/images/index350b.html]
[abdulmateen.net/wp-content/plugins/onesignal-free-web-push-notifications/views/javascript/jquery.cookie.js]
[abdulmateen.net/wp-content/plugins/onesignal-free-web-push-notifications/views/javascript/jquery.min.js]
[abdulmateen.net/wp-content/plugins/onesignal-free-web-push-notifications/views/javascript/semantic-ui.js]
[abdulmateen.net/wp-content/plugins/onesignal-free-web-push-notifications/views/javascript/site-admin.js]
[abdulmateen.net/wp-content/plugins/onesignal-free-web-push-notifications/views/index350b.html]
[abdulmateen.net/wp-content/plugins/onesignal-free-web-push-notifications/views/css/indexd4cd.html]
[abdulmateen.net/wp-content/plugins/onesignal-free-web-push-notifications/views/css/index38f9.html]
[abdulmateen.net/wp-content/plugins/onesignal-free-web-push-notifications/views/css/lusitana/indexd4cd.html]
[abdulmateen.net/wp-content/plugins/onesignal-free-web-push-notifications/views/javascript/index7dc1.html]
[abdulmateen.net/wp-content/plugins/onesignal-free-web-push-notifications/views/css/lusitana/index350b.html]
[abdulmateen.net/wp-content/plugins/onesignal-free-web-push-notifications/views/css/onesignal-font/indexd4cd.html]
[abdulmateen.net/wp-content/plugins/onesignal-free-web-push-notifications/views/javascript/indexd4cd.html]
[abdulmateen.net/wp-content/plugins/onesignal-free-web-push-notifications/views/css/onesignal-font/index38f9.html]
[abdulmateen.net/wp-content/plugins/onesignal-free-web-push-notifications/views/fonts/semantic-ui/icons.svg]
[abdulmateen.net/wp-content/plugins/onesignal-free-web-push-notifications/views/fonts/indexd4cd.html]
[abdulmateen.net/wp-content/plugins/onesignal-free-web-push-notifications/views/fonts/index7dc1.html]
[abdulmateen.net/wp-content/plugins/onesignal-free-web-push-notifications/views/fonts/index38f9.html]
[abdulmateen.net/wp-content/plugins/onesignal-free-web-push-notifications/views/fonts/index350b.html]
[abdulmateen.net/wp-content/plugins/onesignal-free-web-push-notifications/views/javascript/index350b.html]
[abdulmateen.net/wp-content/plugins/onesignal-free-web-push-notifications/views/images/index7dc1.html]
[abdulmateen.net/wp-content/plugins/onesignal-free-web-push-notifications/views/images/index350b.html]
[abdulmateen.net/wp-content/plugins/onesignal-free-web-push-notifications/views/images/settings/indexd4cd.html]
[abdulmateen.net/wp-content/plugins/onesignal-free-web-push-notifications/views/css/lusitana/index7dc1.html]
[abdulmateen.net/wp-content/plugins/onesignal-free-web-push-notifications/views/images/settings/index38f9.html]
[abdulmateen.net/wp-content/plugins/onesignal-free-web-push-notifications/views/images/settings/index350b.html]
[abdulmateen.net/wp-content/plugins/onesignal-free-web-push-notifications/views/javascript/indexd4cd.html]
[abdulmateen.net/wp-content/plugins/onesignal-free-web-push-notifications/views/javascript/index7dc1.html]
[abdulmateen.net/wp-content/plugins/onesignal-free-web-push-notifications/views/javascript/index350b.html]
[abdulmateen.net/wp-content/plugins/onesignal-free-web-push-notifications/views/css/onesignal-font/index7dc1.html]
[abdulmateen.net/wp-content/plugins/onesignal-free-web-push-notifications/views/images/settings/index7dc1.html]
[abdulmateen.net/wp-content/plugins/onesignal-free-web-push-notifications/views/css/lusitana/index7dc1.html]
[abdulmateen.net/wp-content/plugins/onesignal-free-web-push-notifications/views/css/onesignal-font/index7dc1.html]
[abdulmateen.net/wp-content/plugins/onesignal-free-web-push-notifications/views/fonts/semantic-ui/index.html]
[abdulmateen.net/wp-content/plugins/onesignal-free-web-push-notifications/views/javascript/e]
[abdulmateen.net/wp-content/plugins/onesignal-free-web-push-notifications/views/css/onesignal-font/index350b.html]
[abdulmateen.net/wp-content/plugins/onesignal-free-web-push-notifications/views/fonts/semantic-ui/icons.otf]
[abdulmateen.net/wp-content/plugins/onesignal-free-web-push-notifications/views/fonts/semantic-ui/index.html]
[abdulmateen.net/wp-content/plugins/onesignal-free-web-push-notifications/views/images/index38f9.html]
[abdulmateen.net/wp-content/plugins/onesignal-free-web-push-notifications/views/images/settings/indexd4cd.html]
[abdulmateen.net/wp-content/plugins/onesignal-free-web-push-notifications/views/images/settings/index7dc1.html]
[abdulmateen.net/wp-content/plugins/onesignal-free-web-push-notifications/views/fonts/semantic-ui/index0389.html]
[abdulmateen.net/wp-content/plugins/onesignal-free-web-push-notifications/views/javascript/e]
[abdulmateen.net/wp-content/plugins/onesignal-free-web-push-notifications/views/css/lusitana/index38f9.html]
[abdulmateen.net/wp-content/plugins/onesignal-free-web-push-notifications/views/fonts/semantic-ui/index3dd6.html]
[abdulmateen.net/wp-content/plugins/onesignal-free-web-push-notifications/views/css/onesignal-font/index350b.html]
[abdulmateen.net/wp-content/plugins/onesignal-free-web-push-notifications/views/fonts/semantic-ui/index2a60.html]
[abdulmateen.net/wp-content/plugins/onesignal-free-web-push-notifications/views/fonts/semantic-ui/index2a60.html]
[abdulmateen.net/wp-content/plugins/onesignal-free-web-push-notifications/views/fonts/semantic-ui/index3dd6.html]
[abdulmateen.net/wp-content/plugins/onesignal-free-web-push-notifications/views/fonts/semantic-ui/index0389.html]
[abdulmateen.net/wp-content/plugins/onesignal-free-web-push-notifications/views/javascript/index38f9.html]
[abdulmateen.net/wp-content/plugins/onesignal-free-web-push-notifications/views/javascript/index38f9.html]
[abdulmateen.net/wp-content/plugins/onesignal-free-web-push-notifications/views/fonts/semantic-ui/indexd4cd.html]
[abdulmateen.net/wp-content/plugins/onesignal-free-web-push-notifications/views/fonts/semantic-ui/indexd4cd.html]
[abdulmateen.net/wp-content/plugins/onesignal-free-web-push-notifications/views/fonts/semantic-ui/index38f9.html]
[abdulmateen.net/wp-content/plugins/onesignal-free-web-push-notifications/views/fonts/semantic-ui/index38f9.html]
[abdulmateen.net/wp-content/plugins/onesignal-free-web-push-notifications/views/fonts/semantic-ui/index350b.html]
[abdulmateen.net/wp-content/plugins/onesignal-free-web-push-notifications/views/fonts/semantic-ui/index350b.html]
[abdulmateen.net/wp-content/plugins/onesignal-free-web-push-notifications/views/fonts/semantic-ui/index9a11.html]
[abdulmateen.net/wp-content/plugins/onesignal-free-web-push-notifications/views/fonts/semantic-ui/index7dc1.html]
[abdulmateen.net/wp-content/plugins/onesignal-free-web-push-notifications/views/fonts/semantic-ui/index7dc1.html]
